Archive member included to satisfy reference by file (symbol)

/home/vlad/.eclipse/360744294_linux_gtk_x86_64/plugins/fr.ac6.mcu.externaltools.arm-none.linux64_1.17.0.201812190825/tools/compiler/bin/../lib/gcc/arm-none-eabi/7.3.1/thumb/v7e-m/fpv4-sp/hard/libgcc.a(_aeabi_uldivmod.o)
                              Drivers/STM32F4xx_HAL_Driver/Src/stm32f4xx_hal_rcc.o (__aeabi_uldivmod)
/home/vlad/.eclipse/360744294_linux_gtk_x86_64/plugins/fr.ac6.mcu.externaltools.arm-none.linux64_1.17.0.201812190825/tools/compiler/bin/../lib/gcc/arm-none-eabi/7.3.1/thumb/v7e-m/fpv4-sp/hard/libgcc.a(_udivmoddi4.o)
                              /home/vlad/.eclipse/360744294_linux_gtk_x86_64/plugins/fr.ac6.mcu.externaltools.arm-none.linux64_1.17.0.201812190825/tools/compiler/bin/../lib/gcc/arm-none-eabi/7.3.1/thumb/v7e-m/fpv4-sp/hard/libgcc.a(_aeabi_uldivmod.o) (__udivmoddi4)
/home/vlad/.eclipse/360744294_linux_gtk_x86_64/plugins/fr.ac6.mcu.externaltools.arm-none.linux64_1.17.0.201812190825/tools/compiler/bin/../lib/gcc/arm-none-eabi/7.3.1/thumb/v7e-m/fpv4-sp/hard/libgcc.a(_dvmd_tls.o)
                              /home/vlad/.eclipse/360744294_linux_gtk_x86_64/plugins/fr.ac6.mcu.externaltools.arm-none.linux64_1.17.0.201812190825/tools/compiler/bin/../lib/gcc/arm-none-eabi/7.3.1/thumb/v7e-m/fpv4-sp/hard/libgcc.a(_aeabi_uldivmod.o) (__aeabi_ldiv0)
/home/vlad/.eclipse/360744294_linux_gtk_x86_64/plugins/fr.ac6.mcu.externaltools.arm-none.linux64_1.17.0.201812190825/tools/compiler/bin/../lib/gcc/arm-none-eabi/7.3.1/../../../../arm-none-eabi/lib/thumb/v7e-m/fpv4-sp/hard/libc_nano.a(lib_a-errno.o)
                              Src/syscalls.o (__errno)
/home/vlad/.eclipse/360744294_linux_gtk_x86_64/plugins/fr.ac6.mcu.externaltools.arm-none.linux64_1.17.0.201812190825/tools/compiler/bin/../lib/gcc/arm-none-eabi/7.3.1/../../../../arm-none-eabi/lib/thumb/v7e-m/fpv4-sp/hard/libc_nano.a(lib_a-exit.o)
                              /home/vlad/.eclipse/360744294_linux_gtk_x86_64/plugins/fr.ac6.mcu.externaltools.arm-none.linux64_1.17.0.201812190825/tools/compiler/bin/../lib/gcc/arm-none-eabi/7.3.1/../../../../arm-none-eabi/lib/thumb/v7e-m/fpv4-sp/hard/crt0.o (exit)
/home/vlad/.eclipse/360744294_linux_gtk_x86_64/plugins/fr.ac6.mcu.externaltools.arm-none.linux64_1.17.0.201812190825/tools/compiler/bin/../lib/gcc/arm-none-eabi/7.3.1/../../../../arm-none-eabi/lib/thumb/v7e-m/fpv4-sp/hard/libc_nano.a(lib_a-impure.o)
                              /home/vlad/.eclipse/360744294_linux_gtk_x86_64/plugins/fr.ac6.mcu.externaltools.arm-none.linux64_1.17.0.201812190825/tools/compiler/bin/../lib/gcc/arm-none-eabi/7.3.1/../../../../arm-none-eabi/lib/thumb/v7e-m/fpv4-sp/hard/libc_nano.a(lib_a-exit.o) (_global_impure_ptr)
/home/vlad/.eclipse/360744294_linux_gtk_x86_64/plugins/fr.ac6.mcu.externaltools.arm-none.linux64_1.17.0.201812190825/tools/compiler/bin/../lib/gcc/arm-none-eabi/7.3.1/../../../../arm-none-eabi/lib/thumb/v7e-m/fpv4-sp/hard/libc_nano.a(lib_a-init.o)
                              /home/vlad/.eclipse/360744294_linux_gtk_x86_64/plugins/fr.ac6.mcu.externaltools.arm-none.linux64_1.17.0.201812190825/tools/compiler/bin/../lib/gcc/arm-none-eabi/7.3.1/../../../../arm-none-eabi/lib/thumb/v7e-m/fpv4-sp/hard/crt0.o (__libc_init_array)
/home/vlad/.eclipse/360744294_linux_gtk_x86_64/plugins/fr.ac6.mcu.externaltools.arm-none.linux64_1.17.0.201812190825/tools/compiler/bin/../lib/gcc/arm-none-eabi/7.3.1/../../../../arm-none-eabi/lib/thumb/v7e-m/fpv4-sp/hard/libc_nano.a(lib_a-malloc.o)
                              Middlewares/ST/STM32_USB_Host_Library/Class/CDC/Src/usbh_cdc.o (malloc)
/home/vlad/.eclipse/360744294_linux_gtk_x86_64/plugins/fr.ac6.mcu.externaltools.arm-none.linux64_1.17.0.201812190825/tools/compiler/bin/../lib/gcc/arm-none-eabi/7.3.1/../../../../arm-none-eabi/lib/thumb/v7e-m/fpv4-sp/hard/libc_nano.a(lib_a-memset.o)
                              /home/vlad/.eclipse/360744294_linux_gtk_x86_64/plugins/fr.ac6.mcu.externaltools.arm-none.linux64_1.17.0.201812190825/tools/compiler/bin/../lib/gcc/arm-none-eabi/7.3.1/../../../../arm-none-eabi/lib/thumb/v7e-m/fpv4-sp/hard/crt0.o (memset)
/home/vlad/.eclipse/360744294_linux_gtk_x86_64/plugins/fr.ac6.mcu.externaltools.arm-none.linux64_1.17.0.201812190825/tools/compiler/bin/../lib/gcc/arm-none-eabi/7.3.1/../../../../arm-none-eabi/lib/thumb/v7e-m/fpv4-sp/hard/libc_nano.a(lib_a-nano-freer.o)
                              /home/vlad/.eclipse/360744294_linux_gtk_x86_64/plugins/fr.ac6.mcu.externaltools.arm-none.linux64_1.17.0.201812190825/tools/compiler/bin/../lib/gcc/arm-none-eabi/7.3.1/../../../../arm-none-eabi/lib/thumb/v7e-m/fpv4-sp/hard/libc_nano.a(lib_a-malloc.o) (_free_r)
/home/vlad/.eclipse/360744294_linux_gtk_x86_64/plugins/fr.ac6.mcu.externaltools.arm-none.linux64_1.17.0.201812190825/tools/compiler/bin/../lib/gcc/arm-none-eabi/7.3.1/../../../../arm-none-eabi/lib/thumb/v7e-m/fpv4-sp/hard/libc_nano.a(lib_a-nano-mallocr.o)
[...]
Memory Configuration

Name             Origin             Length             Attributes
RAM              0x0000000020000000 0x0000000000020000 xrw
FLASH            0x0000000008000000 0x0000000000080000 xr
*default*        0x0000000000000000 0xffffffffffffffff

Linker script and memory map

LOAD /home/vlad/.eclipse/360744294_linux_gtk_x86_64/plugins/fr.ac6.mcu.externaltools.arm-none.linux64_1.17.0.201812190825/tools/compiler/bin/../lib/gcc/arm-none-eabi/7.3.1/thumb/v7e-m/fpv4-sp/hard/crti.o
LOAD /home/vlad/.eclipse/360744294_linux_gtk_x86_64/plugins/fr.ac6.mcu.externaltools.arm-none.linux64_1.17.0.201812190825/tools/compiler/bin/../lib/gcc/arm-none-eabi/7.3.1/thumb/v7e-m/fpv4-sp/hard/crtbegin.o
LOAD /home/vlad/.eclipse/360744294_linux_gtk_x86_64/plugins/fr.ac6.mcu.externaltools.arm-none.linux64_1.17.0.201812190825/tools/compiler/bin/../lib/gcc/arm-none-eabi/7.3.1/../../../../arm-none-eabi/lib/thumb/v7e-m/fpv4-sp/hard/crt0.o
LOAD Drivers/STM32F4xx_HAL_Driver/Src/stm32f4xx_hal.o
LOAD Drivers/STM32F4xx_HAL_Driver/Src/stm32f4xx_hal_cortex.o
LOAD Drivers/STM32F4xx_HAL_Driver/Src/stm32f4xx_hal_dma.o
LOAD Drivers/STM32F4xx_HAL_Driver/Src/stm32f4xx_hal_dma_ex.o
LOAD Drivers/STM32F4xx_HAL_Driver/Src/stm32f4xx_hal_exti.o
LOAD Drivers/STM32F4xx_HAL_Driver/Src/stm32f4xx_hal_flash.o
LOAD Drivers/STM32F4xx_HAL_Driver/Src/stm32f4xx_hal_flash_ex.o
LOAD Drivers/STM32F4xx_HAL_Driver/Src/stm32f4xx_hal_flash_ramfunc.o
LOAD Drivers/STM32F4xx_HAL_Driver/Src/stm32f4xx_hal_gpio.o
LOAD Drivers/STM32F4xx_HAL_Driver/Src/stm32f4xx_hal_hcd.o
LOAD Drivers/STM32F4xx_HAL_Driver/Src/stm32f4xx_hal_i2c.o
LOAD Drivers/STM32F4xx_HAL_Driver/Src/stm32f4xx_hal_i2c_ex.o
LOAD Drivers/STM32F4xx_HAL_Driver/Src/stm32f4xx_hal_i2s.o
LOAD Drivers/STM32F4xx_HAL_Driver/Src/stm32f4xx_hal_i2s_ex.o
LOAD Drivers/STM32F4xx_HAL_Driver/Src/stm32f4xx_hal_pwr.o
LOAD Drivers/STM32F4xx_HAL_Driver/Src/stm32f4xx_hal_pwr_ex.o
LOAD Drivers/STM32F4xx_HAL_Driver/Src/stm32f4xx_hal_rcc.o
LOAD Drivers/STM32F4xx_HAL_Driver/Src/stm32f4xx_hal_rcc_ex.o
LOAD Drivers/STM32F4xx_HAL_Driver/Src/stm32f4xx_hal_spi.o
LOAD Drivers/STM32F4xx_HAL_Driver/Src/stm32f4xx_hal_tim.o
LOAD Drivers/STM32F4xx_HAL_Driver/Src/stm32f4xx_hal_tim_ex.o
LOAD Drivers/STM32F4xx_HAL_Driver/Src/stm32f4xx_ll_usb.o
LOAD Middlewares/ST/STM32_USB_Host_Library/Class/CDC/Src/usbh_cdc.o
LOAD Middlewares/ST/STM32_USB_Host_Library/Core/Src/usbh_core.o
LOAD Middlewares/ST/STM32_USB_Host_Library/Core/Src/usbh_ctlreq.o
LOAD Middlewares/ST/STM32_USB_Host_Library/Core/Src/usbh_ioreq.o
LOAD Middlewares/ST/STM32_USB_Host_Library/Core/Src/usbh_pipes.o
LOAD Src/main.o
LOAD Src/stm32f4xx_hal_msp.o
LOAD Src/stm32f4xx_it.o
LOAD Src/syscalls.o
LOAD Src/system_stm32f4xx.o
LOAD Src/usb_host.o
LOAD Src/usbh_conf.o
LOAD Src/usbh_platform.o
LOAD Src/ws2812.o
LOAD startup/startup_stm32f411xe.o
LOAD /home/vlad/.eclipse/360744294_linux_gtk_x86_64/plugins/fr.ac6.mcu.externaltools.arm-none.linux64_1.17.0.201812190825/tools/compiler/bin/../lib/gcc/arm-none-eabi/7.3.1/../../../../arm-none-eabi/lib/thumb/v7e-m/fpv4-sp/hard/libm.a
START GROUP
LOAD /home/vlad/.eclipse/360744294_linux_gtk_x86_64/plugins/fr.ac6.mcu.externaltools.arm-none.linux64_1.17.0.201812190825/tools/compiler/bin/../lib/gcc/arm-none-eabi/7.3.1/thumb/v7e-m/fpv4-sp/hard/libgcc.a
LOAD /home/vlad/.eclipse/360744294_linux_gtk_x86_64/plugins/fr.ac6.mcu.externaltools.arm-none.linux64_1.17.0.201812190825/tools/compiler/bin/../lib/gcc/arm-none-eabi/7.3.1/../../../../arm-none-eabi/lib/thumb/v7e-m/fpv4-sp/hard/libc_nano.a
END GROUP
START GROUP
LOAD /home/vlad/.eclipse/360744294_linux_gtk_x86_64/plugins/fr.ac6.mcu.externaltools.arm-none.linux64_1.17.0.201812190825/tools/compiler/bin/../lib/gcc/arm-none-eabi/7.3.1/thumb/v7e-m/fpv4-sp/hard/libgcc.a
LOAD /home/vlad/.eclipse/360744294_linux_gtk_x86_64/plugins/fr.ac6.mcu.externaltools.arm-none.linux64_1.17.0.201812190825/tools/compiler/bin/../lib/gcc/arm-none-eabi/7.3.1/../../../../arm-none-eabi/lib/thumb/v7e-m/fpv4-sp/hard/libc_nano.a
LOAD /home/vlad/.eclipse/360744294_linux_gtk_x86_64/plugins/fr.ac6.mcu.externaltools.arm-none.linux64_1.17.0.201812190825/tools/compiler/bin/../lib/gcc/arm-none-eabi/7.3.1/../../../../arm-none-eabi/lib/thumb/v7e-m/fpv4-sp/hard/libnosys.a
END GROUP
START GROUP
LOAD /home/vlad/.eclipse/360744294_linux_gtk_x86_64/plugins/fr.ac6.mcu.externaltools.arm-none.linux64_1.17.0.201812190825/tools/compiler/bin/../lib/gcc/arm-none-eabi/7.3.1/thumb/v7e-m/fpv4-sp/hard/libgcc.a
LOAD /home/vlad/.eclipse/360744294_linux_gtk_x86_64/plugins/fr.ac6.mcu.externaltools.arm-none.linux64_1.17.0.201812190825/tools/compiler/bin/../lib/gcc/arm-none-eabi/7.3.1/../../../../arm-none-eabi/lib/thumb/v7e-m/fpv4-sp/hard/libc_nano.a
LOAD /home/vlad/.eclipse/360744294_linux_gtk_x86_64/plugins/fr.ac6.mcu.externaltools.arm-none.linux64_1.17.0.201812190825/tools/compiler/bin/../lib/gcc/arm-none-eabi/7.3.1/../../../../arm-none-eabi/lib/thumb/v7e-m/fpv4-sp/hard/libnosys.a
END GROUP
LOAD /home/vlad/.eclipse/360744294_linux_gtk_x86_64/plugins/fr.ac6.mcu.externaltools.arm-none.linux64_1.17.0.201812190825/tools/compiler/bin/../lib/gcc/arm-none-eabi/7.3.1/thumb/v7e-m/fpv4-sp/hard/crtend.o
LOAD /home/vlad/.eclipse/360744294_linux_gtk_x86_64/plugins/fr.ac6.mcu.externaltools.arm-none.linux64_1.17.0.201812190825/tools/compiler/bin/../lib/gcc/arm-none-eabi/7.3.1/thumb/v7e-m/fpv4-sp/hard/crtn.o
                0x0000000020020000                _estack = 0x20020000
                0x0000000000000200                _Min_Heap_Size = 0x200
                0x0000000000000400                _Min_Stack_Size = 0x400

.isr_vector     0x0000000008000000      0x198
                0x0000000008000000                . = ALIGN (0x4)
 *(.isr_vector)
 .isr_vector    0x0000000008000000      0x198 startup/startup_stm32f411xe.o
                0x0000000008000000                g_pfnVectors
                0x0000000008000198                . = ALIGN (0x4)

.text           0x0000000008000198     0x52dc
                0x0000000008000198                . = ALIGN (0x4)
 *(.text)
 .text          0x0000000008000198       0x40 /home/vlad/.eclipse/360744294_linux_gtk_x86_64/plugins/fr.ac6.mcu.externaltools.arm-none.linux64_1.17.0.201812190825/tools/compiler/bin/../lib/gcc/arm-none-eabi/7.3.1/thumb/v7e-m/fpv4-sp/hard/crtbegin.o
 .text          0x00000000080001d8       0x30 /home/vlad/.eclipse/360744294_linux_gtk_x86_64/plugins/fr.ac6.mcu.externaltools.arm-none.linux64_1.17.0.201812190825/tools/compiler/bin/../lib/gcc/arm-none-eabi/7.3.1/thumb/v7e-m/fpv4-sp/hard/libgcc.a(_aeabi_uldivmod.o)
                0x00000000080001d8                __aeabi_uldivmod
 .text          0x0000000008000208      0x2cc /home/vlad/.eclipse/360744294_linux_gtk_x86_64/plugins/fr.ac6.mcu.externaltools.arm-none.linux64_1.17.0.201812190825/tools/compiler/bin/../lib/gcc/arm-none-eabi/7.3.1/thumb/v7e-m/fpv4-sp/hard/libgcc.a(_udivmoddi4.o)
                0x0000000008000208                __udivmoddi4
 .text          0x00000000080004d4        0x4 /home/vlad/.eclipse/360744294_linux_gtk_x86_64/plugins/fr.ac6.mcu.externaltools.arm-none.linux64_1.17.0.201812190825/tools/compiler/bin/../lib/gcc/arm-none-eabi/7.3.1/thumb/v7e-m/fpv4-sp/hard/libgcc.a(_dvmd_tls.o)
                0x00000000080004d4                __aeabi_ldiv0
                0x00000000080004d4                __aeabi_idiv0
 *(.text*)
 .text.HAL_InitTick
                0x00000000080004d8       0x48 Drivers/STM32F4xx_HAL_Driver/Src/stm32f4xx_hal.o
                0x00000000080004d8                HAL_InitTick
 .text.HAL_Init
                0x0000000008000520       0x34 Drivers/STM32F4xx_HAL_Driver/Src/stm32f4xx_hal.o
                0x0000000008000520                HAL_Init
 .text.HAL_IncTick
                0x0000000008000554       0x18 Drivers/STM32F4xx_HAL_Driver/Src/stm32f4xx_hal.o
                0x0000000008000554                HAL_IncTick
 .text.HAL_GetTick
                0x000000000800056c        0xc Drivers/STM32F4xx_HAL_Driver/Src/stm32f4xx_hal.o
                0x000000000800056c                HAL_GetTick
 .text.HAL_Delay
                0x0000000008000578       0x28 Drivers/STM32F4xx_HAL_Driver/Src/stm32f4xx_hal.o
                0x0000000008000578                HAL_Delay
 .text.HAL_NVIC_SetPriorityGrouping
                0x00000000080005a0       0x24 Drivers/STM32F4xx_HAL_Driver/Src/stm32f4xx_hal_cortex.o
                0x00000000080005a0                HAL_NVIC_SetPriorityGrouping
 .text.HAL_NVIC_SetPriority
                0x00000000080005c4       0x68 Drivers/STM32F4xx_HAL_Driver/Src/stm32f4xx_hal_cortex.o
                0x00000000080005c4                HAL_NVIC_SetPriority
 .text.HAL_NVIC_EnableIRQ
                0x000000000800062c       0x1c Drivers/STM32F4xx_HAL_Driver/Src/stm32f4xx_hal_cortex.o
                0x000000000800062c                HAL_NVIC_EnableIRQ
 .text.HAL_SYSTICK_Config
                0x0000000008000648       0x2c Drivers/STM32F4xx_HAL_Driver/Src/stm32f4xx_hal_cortex.o
                0x0000000008000648                HAL_SYSTICK_Config
 .text.DMA_SetConfig
                0x0000000008000674       0x2c Drivers/STM32F4xx_HAL_Driver/Src/stm32f4xx_hal_dma.o
 .text.DMA_CalcBaseAndBitshift
                0x00000000080006a0       0x3c Drivers/STM32F4xx_HAL_Driver/Src/stm32f4xx_hal_dma.o
 .text.DMA_CheckFifoParam
                0x00000000080006dc       0x8e Drivers/STM32F4xx_HAL_Driver/Src/stm32f4xx_hal_dma.o
 *fill*         0x000000000800076a        0x2 
 .text.HAL_DMA_Init
                0x000000000800076c       0xcc Drivers/STM32F4xx_HAL_Driver/Src/stm32f4xx_hal_dma.o
                0x000000000800076c                HAL_DMA_Init
 .text.HAL_DMA_Start_IT
                0x0000000008000838       0x74 Drivers/STM32F4xx_HAL_Driver/Src/stm32f4xx_hal_dma.o
                0x0000000008000838                HAL_DMA_Start_IT
 .text.HAL_DMA_Abort_IT
                0x00000000080008ac       0x26 Drivers/STM32F4xx_HAL_Driver/Src/stm32f4xx_hal_dma.o
                0x00000000080008ac                HAL_DMA_Abort_IT
 *fill*         0x00000000080008d2        0x2 
 .text.HAL_DMA_IRQHandler
                0x00000000080008d4      0x1dc Drivers/STM32F4xx_HAL_Driver/Src/stm32f4xx_hal_dma.o
                0x00000000080008d4                HAL_DMA_IRQHandler
 .text.HAL_GPIO_Init
                0x0000000008000ab0      0x1a4 Drivers/STM32F4xx_HAL_Driver/Src/stm32f4xx_hal_gpio.o
                0x0000000008000ab0                HAL_GPIO_Init
 .text.HAL_GPIO_WritePin
                0x0000000008000c54        0xc Drivers/STM32F4xx_HAL_Driver/Src/stm32f4xx_hal_gpio.o
                0x0000000008000c54                HAL_GPIO_WritePin
 .text.HCD_RXQLVL_IRQHandler
                0x0000000008000c60       0x7c Drivers/STM32F4xx_HAL_Driver/Src/stm32f4xx_hal_hcd.o
 .text.HAL_HCD_HC_Init
                0x0000000008000cdc       0xa0 Drivers/STM32F4xx_HAL_Driver/Src/stm32f4xx_hal_hcd.o
                0x0000000008000cdc                HAL_HCD_HC_Init
 .text.HAL_HCD_HC_Halt
                0x0000000008000d7c       0x24 Drivers/STM32F4xx_HAL_Driver/Src/stm32f4xx_hal_hcd.o
                0x0000000008000d7c                HAL_HCD_HC_Halt
 .text.HAL_HCD_Init
                0x0000000008000da0       0x94 Drivers/STM32F4xx_HAL_Driver/Src/stm32f4xx_hal_hcd.o
                0x0000000008000da0                HAL_HCD_Init
 .text.HAL_HCD_HC_SubmitRequest
                0x0000000008000e34      0x18e Drivers/STM32F4xx_HAL_Driver/Src/stm32f4xx_hal_hcd.o
                0x0000000008000e34                HAL_HCD_HC_SubmitRequest
 .text.HCD_Port_IRQHandler
                0x0000000008000fc2       0xd4 Drivers/STM32F4xx_HAL_Driver/Src/stm32f4xx_hal_hcd.o
 .text.HCD_HC_IN_IRQHandler
                0x0000000008001096      0x2bc Drivers/STM32F4xx_HAL_Driver/Src/stm32f4xx_hal_hcd.o
 .text.HCD_HC_OUT_IRQHandler
                0x0000000008001352      0x2b4 Drivers/STM32F4xx_HAL_Driver/Src/stm32f4xx_hal_hcd.o
 .text.HAL_HCD_IRQHandler
                0x0000000008001606      0x148 Drivers/STM32F4xx_HAL_Driver/Src/stm32f4xx_hal_hcd.o
                0x0000000008001606                HAL_HCD_IRQHandler
 .text.HAL_HCD_Start
                0x000000000800174e       0x2c Drivers/STM32F4xx_HAL_Driver/Src/stm32f4xx_hal_hcd.o
                0x000000000800174e                HAL_HCD_Start
 .text.HAL_HCD_Stop
                0x000000000800177a       0x24 Drivers/STM32F4xx_HAL_Driver/Src/stm32f4xx_hal_hcd.o
                0x000000000800177a                HAL_HCD_Stop
 .text.HAL_HCD_ResetPort
                0x000000000800179e        0xa Drivers/STM32F4xx_HAL_Driver/Src/stm32f4xx_hal_hcd.o
                0x000000000800179e                HAL_HCD_ResetPort
 .text.HAL_HCD_HC_GetURBState
                0x00000000080017a8        0xe Drivers/STM32F4xx_HAL_Driver/Src/stm32f4xx_hal_hcd.o
                0x00000000080017a8                HAL_HCD_HC_GetURBState
 .text.HAL_HCD_HC_GetXferCount
                0x00000000080017b6        0xc Drivers/STM32F4xx_HAL_Driver/Src/stm32f4xx_hal_hcd.o
                0x00000000080017b6                HAL_HCD_HC_GetXferCount
 .text.HAL_HCD_GetCurrentFrame
                0x00000000080017c2        0xa Drivers/STM32F4xx_HAL_Driver/Src/stm32f4xx_hal_hcd.o
                0x00000000080017c2                HAL_HCD_GetCurrentFrame
 .text.HAL_HCD_GetCurrentSpeed
                0x00000000080017cc        0xa Drivers/STM32F4xx_HAL_Driver/Src/stm32f4xx_hal_hcd.o
                0x00000000080017cc                HAL_HCD_GetCurrentSpeed
 *fill*         0x00000000080017d6        0x2 
 .text.HAL_I2C_Init
                0x00000000080017d8      0x1a0 Drivers/STM32F4xx_HAL_Driver/Src/stm32f4xx_hal_i2c.o
                0x00000000080017d8                HAL_I2C_Init
 .text.HAL_I2S_Init
                0x0000000008001978      0x19c Drivers/STM32F4xx_HAL_Driver/Src/stm32f4xx_hal_i2s.o
                0x0000000008001978                HAL_I2S_Init
 .text.HAL_I2S_TxCpltCallback
                0x0000000008001b14        0x2 Drivers/STM32F4xx_HAL_Driver/Src/stm32f4xx_hal_i2s.o
                0x0000000008001b14                HAL_I2S_TxCpltCallback
 .text.I2S_Transmit_IT
                0x0000000008001b16       0x36 Drivers/STM32F4xx_HAL_Driver/Src/stm32f4xx_hal_i2s.o
 .text.HAL_I2S_RxCpltCallback
                0x0000000008001b4c        0x2 Drivers/STM32F4xx_HAL_Driver/Src/stm32f4xx_hal_i2s.o
                0x0000000008001b4c                HAL_I2S_RxCpltCallback
 .text.I2S_Receive_IT
                0x0000000008001b4e       0x36 Drivers/STM32F4xx_HAL_Driver/Src/stm32f4xx_hal_i2s.o
 .text.HAL_I2S_ErrorCallback
                0x0000000008001b84        0x2 Drivers/STM32F4xx_HAL_Driver/Src/stm32f4xx_hal_i2s.o
                0x0000000008001b84                HAL_I2S_ErrorCallback
 .text.I2S_IRQHandler
                0x0000000008001b86       0xd0 Drivers/STM32F4xx_HAL_Driver/Src/stm32f4xx_hal_i2s.o
 .text.HAL_I2SEx_TxRxCpltCallback
                0x0000000008001c56        0x2 Drivers/STM32F4xx_HAL_Driver/Src/stm32f4xx_hal_i2s_ex.o
                0x0000000008001c56                HAL_I2SEx_TxRxCpltCallback
 .text.I2SEx_TxISR_I2S
                0x0000000008001c58       0x3a Drivers/STM32F4xx_HAL_Driver/Src/stm32f4xx_hal_i2s_ex.o
 *fill*         0x0000000008001c92        0x2 
 .text.I2SEx_RxISR_I2SExt
                0x0000000008001c94       0x60 Drivers/STM32F4xx_HAL_Driver/Src/stm32f4xx_hal_i2s_ex.o
 .text.I2SEx_TxISR_I2SExt
                0x0000000008001cf4       0x60 Drivers/STM32F4xx_HAL_Driver/Src/stm32f4xx_hal_i2s_ex.o
 .text.I2SEx_RxISR_I2S
                0x0000000008001d54       0x3a Drivers/STM32F4xx_HAL_Driver/Src/stm32f4xx_hal_i2s_ex.o
 *fill*         0x0000000008001d8e        0x2 
 .text.HAL_I2SEx_FullDuplex_IRQHandler
                0x0000000008001d90      0x1d8 Drivers/STM32F4xx_HAL_Driver/Src/stm32f4xx_hal_i2s_ex.o
                0x0000000008001d90                HAL_I2SEx_FullDuplex_IRQHandler
 .text.HAL_RCC_OscConfig
                0x0000000008001f68      0x398 Drivers/STM32F4xx_HAL_Driver/Src/stm32f4xx_hal_rcc.o
                0x0000000008001f68                HAL_RCC_OscConfig
 .text.HAL_RCC_GetSysClockFreq
                0x0000000008002300       0xd8 Drivers/STM32F4xx_HAL_Driver/Src/stm32f4xx_hal_rcc.o
                0x0000000008002300                HAL_RCC_GetSysClockFreq
 .text.HAL_RCC_ClockConfig
                0x00000000080023d8      0x158 Drivers/STM32F4xx_HAL_Driver/Src/stm32f4xx_hal_rcc.o
                0x00000000080023d8                HAL_RCC_ClockConfig
 .text.HAL_RCC_GetHCLKFreq
                0x0000000008002530        0xc Drivers/STM32F4xx_HAL_Driver/Src/stm32f4xx_hal_rcc.o
                0x0000000008002530                HAL_RCC_GetHCLKFreq
 .text.HAL_RCC_GetPCLK1Freq
                0x000000000800253c       0x20 Drivers/STM32F4xx_HAL_Driver/Src/stm32f4xx_hal_rcc.o
                0x000000000800253c                HAL_RCC_GetPCLK1Freq
 .text.HAL_RCCEx_PeriphCLKConfig
                0x000000000800255c      0x170 Drivers/STM32F4xx_HAL_Driver/Src/stm32f4xx_hal_rcc_ex.o
                0x000000000800255c                HAL_RCCEx_PeriphCLKConfig
 .text.HAL_RCCEx_GetPeriphCLKFreq
                0x00000000080026cc       0x78 Drivers/STM32F4xx_HAL_Driver/Src/stm32f4xx_hal_rcc_ex.o
                0x00000000080026cc                HAL_RCCEx_GetPeriphCLKFreq
 .text.HAL_SPI_Init
                0x0000000008002744       0x80 Drivers/STM32F4xx_HAL_Driver/Src/stm32f4xx_hal_spi.o
                0x0000000008002744                HAL_SPI_Init
 .text.TIM_OC1_SetConfig
                0x00000000080027c4       0x5c Drivers/STM32F4xx_HAL_Driver/Src/stm32f4xx_hal_tim.o
 .text.TIM_OC3_SetConfig
                0x0000000008002820       0x64 Drivers/STM32F4xx_HAL_Driver/Src/stm32f4xx_hal_tim.o
 .text.TIM_OC4_SetConfig
                0x0000000008002884       0x48 Drivers/STM32F4xx_HAL_Driver/Src/stm32f4xx_hal_tim.o
 .text.TIM_TI1_ConfigInputStage
                0x00000000080028cc       0x26 Drivers/STM32F4xx_HAL_Driver/Src/stm32f4xx_hal_tim.o
 .text.TIM_TI2_ConfigInputStage
                0x00000000080028f2       0x28 Drivers/STM32F4xx_HAL_Driver/Src/stm32f4xx_hal_tim.o
 .text.TIM_ITRx_SetConfig
                0x000000000800291a       0x10 Drivers/STM32F4xx_HAL_Driver/Src/stm32f4xx_hal_tim.o
 .text.HAL_TIM_PWM_MspInit
                0x000000000800292a        0x2 Drivers/STM32F4xx_HAL_Driver/Src/stm32f4xx_hal_tim.o
                0x000000000800292a                HAL_TIM_PWM_MspInit
 .text.HAL_TIM_PWM_PulseFinishedCallback
                0x000000000800292c        0x2 Drivers/STM32F4xx_HAL_Driver/Src/stm32f4xx_hal_tim.o
                0x000000000800292c                HAL_TIM_PWM_PulseFinishedCallback
 .text.TIM_DMADelayPulseCplt
                0x000000000800292e       0x44 Drivers/STM32F4xx_HAL_Driver/Src/stm32f4xx_hal_tim.o
                0x000000000800292e                TIM_DMADelayPulseCplt
 .text.HAL_TIM_PWM_PulseFinishedHalfCpltCallback
                0x0000000008002972        0x2 Drivers/STM32F4xx_HAL_Driver/Src/stm32f4xx_hal_tim.o
                0x0000000008002972                HAL_TIM_PWM_PulseFinishedHalfCpltCallback
 .text.TIM_DMADelayPulseHalfCplt
                0x0000000008002974       0x44 Drivers/STM32F4xx_HAL_Driver/Src/stm32f4xx_hal_tim.o
                0x0000000008002974                TIM_DMADelayPulseHalfCplt
 .text.HAL_TIM_ErrorCallback
                0x00000000080029b8        0x2 Drivers/STM32F4xx_HAL_Driver/Src/stm32f4xx_hal_tim.o
                0x00000000080029b8                HAL_TIM_ErrorCallback
 .text.TIM_DMAError
                0x00000000080029ba       0x10 Drivers/STM32F4xx_HAL_Driver/Src/stm32f4xx_hal_tim.o
                0x00000000080029ba                TIM_DMAError
 *fill*         0x00000000080029ca        0x2 
 .text.TIM_Base_SetConfig
                0x00000000080029cc       0x9c Drivers/STM32F4xx_HAL_Driver/Src/stm32f4xx_hal_tim.o
                0x00000000080029cc                TIM_Base_SetConfig
 .text.HAL_TIM_Base_Init
                0x0000000008002a68       0x32 Drivers/STM32F4xx_HAL_Driver/Src/stm32f4xx_hal_tim.o
                0x0000000008002a68                HAL_TIM_Base_Init
 .text.HAL_TIM_PWM_Init
                0x0000000008002a9a       0x32 Drivers/STM32F4xx_HAL_Driver/Src/stm32f4xx_hal_tim.o
                0x0000000008002a9a                HAL_TIM_PWM_Init
 .text.TIM_OC2_SetConfig
                0x0000000008002acc       0x64 Drivers/STM32F4xx_HAL_Driver/Src/stm32f4xx_hal_tim.o
                0x0000000008002acc                TIM_OC2_SetConfig
 .text.HAL_TIM_PWM_ConfigChannel
                0x0000000008002b30       0xdc Drivers/STM32F4xx_HAL_Driver/Src/stm32f4xx_hal_tim.o
                0x0000000008002b30                HAL_TIM_PWM_ConfigChannel
 .text.TIM_ETR_SetConfig
                0x0000000008002c0c       0x18 Drivers/STM32F4xx_HAL_Driver/Src/stm32f4xx_hal_tim.o
                0x0000000008002c0c                TIM_ETR_SetConfig
 .text.HAL_TIM_ConfigClockSource
                0x0000000008002c24       0xda Drivers/STM32F4xx_HAL_Driver/Src/stm32f4xx_hal_tim.o
                0x0000000008002c24                HAL_TIM_ConfigClockSource
 .text.TIM_CCxChannelCmd
                0x0000000008002cfe       0x22 Drivers/STM32F4xx_HAL_Driver/Src/stm32f4xx_hal_tim.o
                0x0000000008002cfe                TIM_CCxChannelCmd
 .text.HAL_TIM_PWM_Start_DMA
                0x0000000008002d20      0x154 Drivers/STM32F4xx_HAL_Driver/Src/stm32f4xx_hal_tim.o
                0x0000000008002d20                HAL_TIM_PWM_Start_DMA
 .text.HAL_TIM_PWM_Stop_DMA
                0x0000000008002e74       0xc0 Drivers/STM32F4xx_HAL_Driver/Src/stm32f4xx_hal_tim.o
                0x0000000008002e74                HAL_TIM_PWM_Stop_DMA
 .text.HAL_TIMEx_MasterConfigSynchronization
                0x0000000008002f34       0x46 Drivers/STM32F4xx_HAL_Driver/Src/stm32f4xx_hal_tim_ex.o
                0x0000000008002f34                HAL_TIMEx_MasterConfigSynchronization
 *fill*         0x0000000008002f7a        0x2 
 .text.USB_CoreReset
                0x0000000008002f7c       0x3c Drivers/STM32F4xx_HAL_Driver/Src/stm32f4xx_ll_usb.o
 .text.USB_CoreInit
                0x0000000008002fb8       0x8a Drivers/STM32F4xx_HAL_Driver/Src/stm32f4xx_ll_usb.o
                0x0000000008002fb8                USB_CoreInit
 .text.USB_EnableGlobalInt
                0x0000000008003042        0xc Drivers/STM32F4xx_HAL_Driver/Src/stm32f4xx_ll_usb.o
                0x0000000008003042                USB_EnableGlobalInt
 .text.USB_DisableGlobalInt
                0x000000000800304e        0xc Drivers/STM32F4xx_HAL_Driver/Src/stm32f4xx_ll_usb.o
                0x000000000800304e                USB_DisableGlobalInt
 .text.USB_SetCurrentMode
                0x000000000800305a       0x30 Drivers/STM32F4xx_HAL_Driver/Src/stm32f4xx_ll_usb.o
                0x000000000800305a                USB_SetCurrentMode
 *fill*         0x000000000800308a        0x2 
 .text.USB_FlushTxFifo
                0x000000000800308c       0x28 Drivers/STM32F4xx_HAL_Driver/Src/stm32f4xx_ll_usb.o
                0x000000000800308c                USB_FlushTxFifo
 .text.USB_FlushRxFifo
                0x00000000080030b4       0x24 Drivers/STM32F4xx_HAL_Driver/Src/stm32f4xx_ll_usb.o
                0x00000000080030b4                USB_FlushRxFifo
 .text.USB_WritePacket
                0x00000000080030d8       0x28 Drivers/STM32F4xx_HAL_Driver/Src/stm32f4xx_ll_usb.o
                0x00000000080030d8                USB_WritePacket
 .text.USB_ReadPacket
                0x0000000008003100       0x28 Drivers/STM32F4xx_HAL_Driver/Src/stm32f4xx_ll_usb.o
                0x0000000008003100                USB_ReadPacket
 .text.USB_ReadInterrupts
                0x0000000008003128        0x8 Drivers/STM32F4xx_HAL_Driver/Src/stm32f4xx_ll_usb.o
                0x0000000008003128                USB_ReadInterrupts
 .text.USB_GetMode
                0x0000000008003130        0x8 Drivers/STM32F4xx_HAL_Driver/Src/stm32f4xx_ll_usb.o
                0x0000000008003130                USB_GetMode
 .text.USB_InitFSLSPClkSel
                0x0000000008003138       0x40 Drivers/STM32F4xx_HAL_Driver/Src/stm32f4xx_ll_usb.o
                0x0000000008003138                USB_InitFSLSPClkSel
 .text.USB_ResetPort
                0x0000000008003178       0x3e Drivers/STM32F4xx_HAL_Driver/Src/stm32f4xx_ll_usb.o
                0x0000000008003178                USB_ResetPort
 .text.USB_DriveVbus
                0x00000000080031b6       0x46 Drivers/STM32F4xx_HAL_Driver/Src/stm32f4xx_ll_usb.o
                0x00000000080031b6                USB_DriveVbus
 .text.USB_HostInit
                0x00000000080031fc       0xfc Drivers/STM32F4xx_HAL_Driver/Src/stm32f4xx_ll_usb.o
                0x00000000080031fc                USB_HostInit
 .text.USB_GetHostSpeed
                0x00000000080032f8       0x16 Drivers/STM32F4xx_HAL_Driver/Src/stm32f4xx_ll_usb.o
                0x00000000080032f8                USB_GetHostSpeed
 .text.USB_GetCurrentFrame
                0x000000000800330e        0xa Drivers/STM32F4xx_HAL_Driver/Src/stm32f4xx_ll_usb.o
                0x000000000800330e                USB_GetCurrentFrame
 .text.USB_HC_Init
                0x0000000008003318      0x108 Drivers/STM32F4xx_HAL_Driver/Src/stm32f4xx_ll_usb.o
                0x0000000008003318                USB_HC_Init
 .text.USB_HC_ReadInterrupt
                0x0000000008003420        0xa Drivers/STM32F4xx_HAL_Driver/Src/stm32f4xx_ll_usb.o
                0x0000000008003420                USB_HC_ReadInterrupt
 .text.USB_HC_Halt
                0x000000000800342a       0xd0 Drivers/STM32F4xx_HAL_Driver/Src/stm32f4xx_ll_usb.o
                0x000000000800342a                USB_HC_Halt
 *fill*         0x00000000080034fa        0x2 
 .text.USB_DoPing
                0x00000000080034fc       0x24 Drivers/STM32F4xx_HAL_Driver/Src/stm32f4xx_ll_usb.o
                0x00000000080034fc                USB_DoPing
 .text.USB_HC_StartXfer
                0x0000000008003520      0x158 Drivers/STM32F4xx_HAL_Driver/Src/stm32f4xx_ll_usb.o
                0x0000000008003520                USB_HC_StartXfer
 .text.USB_StopHost
                0x0000000008003678       0x7e Drivers/STM32F4xx_HAL_Driver/Src/stm32f4xx_ll_usb.o
                0x0000000008003678                USB_StopHost
 .text.USBH_CDC_SOFProcess
                0x00000000080036f6        0x4 Middlewares/ST/STM32_USB_Host_Library/Class/CDC/Src/usbh_cdc.o
 .text.SetLineCoding
                0x00000000080036fa       0x1a Middlewares/ST/STM32_USB_Host_Library/Class/CDC/Src/usbh_cdc.o
 .text.GetLineCoding
                0x0000000008003714       0x1a Middlewares/ST/STM32_USB_Host_Library/Class/CDC/Src/usbh_cdc.o
 .text.USBH_CDC_ClassRequest
                0x000000000800372e       0x22 Middlewares/ST/STM32_USB_Host_Library/Class/CDC/Src/usbh_cdc.o
 .text.USBH_CDC_InterfaceDeInit
                0x0000000008003750       0x68 Middlewares/ST/STM32_USB_Host_Library/Class/CDC/Src/usbh_cdc.o
 .text.USBH_CDC_InterfaceInit
                0x00000000080037b8      0x160 Middlewares/ST/STM32_USB_Host_Library/Class/CDC/Src/usbh_cdc.o
 .text.USBH_CDC_TransmitCallback
                0x0000000008003918        0x2 Middlewares/ST/STM32_USB_Host_Library/Class/CDC/Src/usbh_cdc.o
                0x0000000008003918                USBH_CDC_TransmitCallback
 .text.CDC_ProcessTransmission
                0x000000000800391a       0x94 Middlewares/ST/STM32_USB_Host_Library/Class/CDC/Src/usbh_cdc.o
 .text.USBH_CDC_ReceiveCallback
                0x00000000080039ae        0x2 Middlewares/ST/STM32_USB_Host_Library/Class/CDC/Src/usbh_cdc.o
                0x00000000080039ae                USBH_CDC_ReceiveCallback
 .text.CDC_ProcessReception
                0x00000000080039b0       0x68 Middlewares/ST/STM32_USB_Host_Library/Class/CDC/Src/usbh_cdc.o
 .text.USBH_CDC_LineCodingChanged
                0x0000000008003a18        0x2 Middlewares/ST/STM32_USB_Host_Library/Class/CDC/Src/usbh_cdc.o
                0x0000000008003a18                USBH_CDC_LineCodingChanged
 .text.USBH_CDC_Process
                0x0000000008003a1a       0xb8 Middlewares/ST/STM32_USB_Host_Library/Class/CDC/Src/usbh_cdc.o
 .text.DeInitStateMachine
                0x0000000008003ad2       0x4a Middlewares/ST/STM32_USB_Host_Library/Core/Src/usbh_core.o
 .text.USBH_HandleSof
                0x0000000008003b1c       0x1a Middlewares/ST/STM32_USB_Host_Library/Core/Src/usbh_core.o
 .text.USBH_HandleEnum
                0x0000000008003b36      0x16e Middlewares/ST/STM32_USB_Host_Library/Core/Src/usbh_core.o
 .text.USBH_Init
                0x0000000008003ca4       0x2e Middlewares/ST/STM32_USB_Host_Library/Core/Src/usbh_core.o
                0x0000000008003ca4                USBH_Init
 .text.USBH_RegisterClass
                0x0000000008003cd2       0x24 Middlewares/ST/STM32_USB_Host_Library/Core/Src/usbh_core.o
                0x0000000008003cd2                USBH_RegisterClass
 .text.USBH_SelectInterface
                0x0000000008003cf6       0x14 Middlewares/ST/STM32_USB_Host_Library/Core/Src/usbh_core.o
                0x0000000008003cf6                USBH_SelectInterface
 .text.USBH_FindInterface
                0x0000000008003d0a       0x50 Middlewares/ST/STM32_USB_Host_Library/Core/Src/usbh_core.o
                0x0000000008003d0a                USBH_FindInterface
 .text.USBH_Start
                0x0000000008003d5a       0x14 Middlewares/ST/STM32_USB_Host_Library/Core/Src/usbh_core.o
                0x0000000008003d5a                USBH_Start
 .text.USBH_LL_SetTimer
                0x0000000008003d6e        0x6 Middlewares/ST/STM32_USB_Host_Library/Core/Src/usbh_core.o
                0x0000000008003d6e                USBH_LL_SetTimer
 .text.USBH_LL_IncTimer
                0x0000000008003d74       0x12 Middlewares/ST/STM32_USB_Host_Library/Core/Src/usbh_core.o
                0x0000000008003d74                USBH_LL_IncTimer
 .text.USBH_LL_PortEnabled
                0x0000000008003d86        0x8 Middlewares/ST/STM32_USB_Host_Library/Core/Src/usbh_core.o
                0x0000000008003d86                USBH_LL_PortEnabled
 .text.USBH_LL_PortDisabled
                0x0000000008003d8e        0x8 Middlewares/ST/STM32_USB_Host_Library/Core/Src/usbh_core.o
                0x0000000008003d8e                USBH_LL_PortDisabled
 .text.USBH_IsPortEnabled
                0x0000000008003d96        0x6 Middlewares/ST/STM32_USB_Host_Library/Core/Src/usbh_core.o
                0x0000000008003d96                USBH_IsPortEnabled
 .text.USBH_Process
                0x0000000008003d9c      0x1ec Middlewares/ST/STM32_USB_Host_Library/Core/Src/usbh_core.o
                0x0000000008003d9c                USBH_Process
 .text.USBH_LL_Connect
                0x0000000008003f88       0x28 Middlewares/ST/STM32_USB_Host_Library/Core/Src/usbh_core.o
                0x0000000008003f88                USBH_LL_Connect
 .text.USBH_LL_Disconnect
                0x0000000008003fb0       0x38 Middlewares/ST/STM32_USB_Host_Library/Core/Src/usbh_core.o
                0x0000000008003fb0                USBH_LL_Disconnect
 .text.USBH_ParseDevDesc
                0x0000000008003fe8       0x5c Middlewares/ST/STM32_USB_Host_Library/Core/Src/usbh_ctlreq.o
 .text.USBH_ParseInterfaceDesc
                0x0000000008004044       0x26 Middlewares/ST/STM32_USB_Host_Library/Core/Src/usbh_ctlreq.o
 .text.USBH_ParseEPDesc
                0x000000000800406a       0x20 Middlewares/ST/STM32_USB_Host_Library/Core/Src/usbh_ctlreq.o
 .text.USBH_ParseStringDesc
                0x000000000800408a       0x3c Middlewares/ST/STM32_USB_Host_Library/Core/Src/usbh_ctlreq.o
 .text.USBH_HandleControl
                0x00000000080040c6      0x1d0 Middlewares/ST/STM32_USB_Host_Library/Core/Src/usbh_ctlreq.o
 .text.USBH_GetNextDesc
                0x0000000008004296        0xe Middlewares/ST/STM32_USB_Host_Library/Core/Src/usbh_ctlreq.o
                0x0000000008004296                USBH_GetNextDesc
 .text.USBH_ParseCfgDesc
                0x00000000080042a4       0xc2 Middlewares/ST/STM32_USB_Host_Library/Core/Src/usbh_ctlreq.o
 .text.USBH_CtlReq
                0x0000000008004366       0x4e Middlewares/ST/STM32_USB_Host_Library/Core/Src/usbh_ctlreq.o
                0x0000000008004366                USBH_CtlReq
 .text.USBH_GetDescriptor
                0x00000000080043b4       0x3c Middlewares/ST/STM32_USB_Host_Library/Core/Src/usbh_ctlreq.o
                0x00000000080043b4                USBH_GetDescriptor
 .text.USBH_Get_DevDesc
                0x00000000080043f0       0x32 Middlewares/ST/STM32_USB_Host_Library/Core/Src/usbh_ctlreq.o
                0x00000000080043f0                USBH_Get_DevDesc
 .text.USBH_Get_CfgDesc
                0x0000000008004422       0x32 Middlewares/ST/STM32_USB_Host_Library/Core/Src/usbh_ctlreq.o
                0x0000000008004422                USBH_Get_CfgDesc
 .text.USBH_Get_StringDesc
                0x0000000008004454       0x30 Middlewares/ST/STM32_USB_Host_Library/Core/Src/usbh_ctlreq.o
                0x0000000008004454                USBH_Get_StringDesc
 .text.USBH_SetAddress
                0x0000000008004484       0x22 Middlewares/ST/STM32_USB_Host_Library/Core/Src/usbh_ctlreq.o
                0x0000000008004484                USBH_SetAddress
 .text.USBH_SetCfg
                0x00000000080044a6       0x22 Middlewares/ST/STM32_USB_Host_Library/Core/Src/usbh_ctlreq.o
                0x00000000080044a6                USBH_SetCfg
 .text.USBH_SetFeature
                0x00000000080044c8       0x22 Middlewares/ST/STM32_USB_Host_Library/Core/Src/usbh_ctlreq.o
                0x00000000080044c8                USBH_SetFeature
 .text.USBH_ClrFeature
                0x00000000080044ea       0x24 Middlewares/ST/STM32_USB_Host_Library/Core/Src/usbh_ctlreq.o
                0x00000000080044ea                USBH_ClrFeature
 .text.USBH_CtlSendSetup
                0x000000000800450e       0x22 Middlewares/ST/STM32_USB_Host_Library/Core/Src/usbh_ioreq.o
                0x000000000800450e                USBH_CtlSendSetup
 .text.USBH_CtlSendData
                0x0000000008004530       0x2c Middlewares/ST/STM32_USB_Host_Library/Core/Src/usbh_ioreq.o
                0x0000000008004530                USBH_CtlSendData
 .text.USBH_CtlReceiveData
                0x000000000800455c       0x20 Middlewares/ST/STM32_USB_Host_Library/Core/Src/usbh_ioreq.o
                0x000000000800455c                USBH_CtlReceiveData
 .text.USBH_BulkSendData
                0x000000000800457c       0x2c Middlewares/ST/STM32_USB_Host_Library/Core/Src/usbh_ioreq.o
                0x000000000800457c                USBH_BulkSendData
 .text.USBH_BulkReceiveData
                0x00000000080045a8       0x20 Middlewares/ST/STM32_USB_Host_Library/Core/Src/usbh_ioreq.o
                0x00000000080045a8                USBH_BulkReceiveData
 .text.USBH_GetFreePipe
                0x00000000080045c8       0x24 Middlewares/ST/STM32_USB_Host_Library/Core/Src/usbh_pipes.o
 .text.USBH_OpenPipe
                0x00000000080045ec       0x20 Middlewares/ST/STM32_USB_Host_Library/Core/Src/usbh_pipes.o
                0x00000000080045ec                USBH_OpenPipe
 .text.USBH_ClosePipe
                0x000000000800460c        0xa Middlewares/ST/STM32_USB_Host_Library/Core/Src/usbh_pipes.o
                0x000000000800460c                USBH_ClosePipe
 .text.USBH_AllocPipe
                0x0000000008004616       0x22 Middlewares/ST/STM32_USB_Host_Library/Core/Src/usbh_pipes.o
                0x0000000008004616                USBH_AllocPipe
 .text.USBH_FreePipe
                0x0000000008004638       0x16 Middlewares/ST/STM32_USB_Host_Library/Core/Src/usbh_pipes.o
                0x0000000008004638                USBH_FreePipe
 *fill*         0x000000000800464e        0x2 
 .text.MX_GPIO_Init
                0x0000000008004650      0x150 Src/main.o
 .text.MX_DMA_Init
                0x00000000080047a0       0x34 Src/main.o
 .text.MX_I2C1_Init
                0x00000000080047d4       0x34 Src/main.o
 .text.MX_I2S2_Init
                0x0000000008004808       0x34 Src/main.o
 .text.MX_I2S3_Init
                0x000000000800483c       0x34 Src/main.o
 .text.MX_SPI1_Init
                0x0000000008004870       0x38 Src/main.o
 .text.MX_TIM2_Init
                0x00000000080048a8       0x80 Src/main.o
 .text.SystemClock_Config
                0x0000000008004928       0xb0 Src/main.o
                0x0000000008004928                SystemClock_Config
 .text.main     0x00000000080049d8       0x58 Src/main.o
                0x00000000080049d8                main
 .text.Error_Handler
                0x0000000008004a30        0x2 Src/main.o
                0x0000000008004a30                Error_Handler
 *fill*         0x0000000008004a32        0x2 
 .text.HAL_MspInit
                0x0000000008004a34       0x38 Src/stm32f4xx_hal_msp.o
                0x0000000008004a34                HAL_MspInit
 .text.HAL_I2C_MspInit
                0x0000000008004a6c       0x70 Src/stm32f4xx_hal_msp.o
                0x0000000008004a6c                HAL_I2C_MspInit
 .text.HAL_I2S_MspInit
                0x0000000008004adc      0x12c Src/stm32f4xx_hal_msp.o
                0x0000000008004adc                HAL_I2S_MspInit
 .text.HAL_SPI_MspInit
                0x0000000008004c08       0x70 Src/stm32f4xx_hal_msp.o
                0x0000000008004c08                HAL_SPI_MspInit
 .text.HAL_TIM_Base_MspInit
                0x0000000008004c78       0x78 Src/stm32f4xx_hal_msp.o
                0x0000000008004c78                HAL_TIM_Base_MspInit
 .text.HAL_TIM_MspPostInit
                0x0000000008004cf0       0x54 Src/stm32f4xx_hal_msp.o
                0x0000000008004cf0                HAL_TIM_MspPostInit
 .text.NMI_Handler
                0x0000000008004d44        0x2 Src/stm32f4xx_it.o
                0x0000000008004d44                NMI_Handler
 .text.HardFault_Handler
                0x0000000008004d46        0x2 Src/stm32f4xx_it.o
                0x0000000008004d46                HardFault_Handler
 .text.MemManage_Handler
                0x0000000008004d48        0x2 Src/stm32f4xx_it.o
                0x0000000008004d48                MemManage_Handler
 .text.BusFault_Handler
                0x0000000008004d4a        0x2 Src/stm32f4xx_it.o
                0x0000000008004d4a                BusFault_Handler
 .text.UsageFault_Handler
                0x0000000008004d4c        0x2 Src/stm32f4xx_it.o
                0x0000000008004d4c                UsageFault_Handler
 .text.SVC_Handler
                0x0000000008004d4e        0x2 Src/stm32f4xx_it.o
                0x0000000008004d4e                SVC_Handler
 .text.DebugMon_Handler
                0x0000000008004d50        0x2 Src/stm32f4xx_it.o
                0x0000000008004d50                DebugMon_Handler
 .text.PendSV_Handler
                0x0000000008004d52        0x2 Src/stm32f4xx_it.o
                0x0000000008004d52                PendSV_Handler
 .text.SysTick_Handler
                0x0000000008004d54        0x8 Src/stm32f4xx_it.o
                0x0000000008004d54                SysTick_Handler
 .text.DMA1_Stream6_IRQHandler
                0x0000000008004d5c       0x1c Src/stm32f4xx_it.o
                0x0000000008004d5c                DMA1_Stream6_IRQHandler
 .text.OTG_FS_IRQHandler
                0x0000000008004d78       0x10 Src/stm32f4xx_it.o
                0x0000000008004d78                OTG_FS_IRQHandler
 .text._sbrk    0x0000000008004d88       0x3c Src/syscalls.o
                0x0000000008004d88                _sbrk
 .text.SystemInit
                0x0000000008004dc4       0x4c Src/system_stm32f4xx.o
                0x0000000008004dc4                SystemInit
 .text.USBH_UserProcess
                0x0000000008004e10       0x2c Src/usb_host.o
 .text.MX_USB_HOST_Init
                0x0000000008004e3c       0x40 Src/usb_host.o
                0x0000000008004e3c                MX_USB_HOST_Init
 .text.MX_USB_HOST_Process
                0x0000000008004e7c       0x10 Src/usb_host.o
                0x0000000008004e7c                MX_USB_HOST_Process
 .text.HAL_HCD_MspInit
                0x0000000008004e8c       0x9c Src/usbh_conf.o
                0x0000000008004e8c                HAL_HCD_MspInit
 .text.HAL_HCD_SOF_Callback
                0x0000000008004f28        0xc Src/usbh_conf.o
                0x0000000008004f28                HAL_HCD_SOF_Callback
 .text.HAL_HCD_Connect_Callback
                0x0000000008004f34        0xc Src/usbh_conf.o
                0x0000000008004f34                HAL_HCD_Connect_Callback
 .text.HAL_HCD_Disconnect_Callback
                0x0000000008004f40        0xc Src/usbh_conf.o
                0x0000000008004f40                HAL_HCD_Disconnect_Callback
 .text.HAL_HCD_HC_NotifyURBChange_Callback
                0x0000000008004f4c        0x2 Src/usbh_conf.o
                0x0000000008004f4c                HAL_HCD_HC_NotifyURBChange_Callback
 .text.HAL_HCD_PortEnabled_Callback
                0x0000000008004f4e        0xc Src/usbh_conf.o
                0x0000000008004f4e                HAL_HCD_PortEnabled_Callback
 .text.HAL_HCD_PortDisabled_Callback
                0x0000000008004f5a        0xc Src/usbh_conf.o
                0x0000000008004f5a                HAL_HCD_PortDisabled_Callback
 *fill*         0x0000000008004f66        0x2 
 .text.USBH_LL_Init
                0x0000000008004f68       0x54 Src/usbh_conf.o
                0x0000000008004f68                USBH_LL_Init
 .text.USBH_LL_GetSpeed
                0x0000000008004fbc       0x1c Src/usbh_conf.o
                0x0000000008004fbc                USBH_LL_GetSpeed
 .text.USBH_LL_GetLastXferSize
                0x0000000008004fd8        0xc Src/usbh_conf.o
                0x0000000008004fd8                USBH_LL_GetLastXferSize
 .text.USBH_LL_GetURBState
                0x0000000008004fe4        0xc Src/usbh_conf.o
                0x0000000008004fe4                USBH_LL_GetURBState
 .text.USBH_LL_DriverVBUS
                0x0000000008004ff0       0x1c Src/usbh_conf.o
                0x0000000008004ff0                USBH_LL_DriverVBUS
 .text.USBH_LL_SetToggle
                0x000000000800500c       0x32 Src/usbh_conf.o
                0x000000000800500c                USBH_LL_SetToggle
 .text.USBH_Delay
                0x000000000800503e        0x8 Src/usbh_conf.o
                0x000000000800503e                USBH_Delay
 .text.USBH_Get_USB_Status
                0x0000000008005046       0x12 Src/usbh_conf.o
                0x0000000008005046                USBH_Get_USB_Status
 .text.USBH_LL_Start
                0x0000000008005058       0x10 Src/usbh_conf.o
                0x0000000008005058                USBH_LL_Start
 .text.USBH_LL_Stop
                0x0000000008005068       0x10 Src/usbh_conf.o
                0x0000000008005068                USBH_LL_Stop
 .text.USBH_LL_ResetPort
                0x0000000008005078       0x10 Src/usbh_conf.o
                0x0000000008005078                USBH_LL_ResetPort
 .text.USBH_LL_OpenPipe
                0x0000000008005088       0x26 Src/usbh_conf.o
                0x0000000008005088                USBH_LL_OpenPipe
 .text.USBH_LL_ClosePipe
                0x00000000080050ae       0x10 Src/usbh_conf.o
                0x00000000080050ae                USBH_LL_ClosePipe
 .text.USBH_LL_SubmitURB
                0x00000000080050be       0x2a Src/usbh_conf.o
                0x00000000080050be                USBH_LL_SubmitURB
 .text.MX_DriverVbusFS
                0x00000000080050e8       0x18 Src/usbh_platform.o
                0x00000000080050e8                MX_DriverVbusFS
 .text.ws2812_init
                0x0000000008005100       0x1c Src/ws2812.o
                0x0000000008005100                ws2812_init
 .text.ws2812_pixel_rgb_to_buf_dma
                0x000000000800511c       0xf4 Src/ws2812.o
                0x000000000800511c                ws2812_pixel_rgb_to_buf_dma
 .text.Reset_Handler
                0x0000000008005210       0x50 startup/startup_stm32f411xe.o
                0x0000000008005210                Reset_Handler
 .text.Default_Handler
                0x0000000008005260        0x2 startup/startup_stm32f411xe.o
                0x0000000008005260                RTC_Alarm_IRQHandler
                0x0000000008005260                EXTI2_IRQHandler
                0x0000000008005260                SPI4_IRQHandler
                0x0000000008005260                TIM1_CC_IRQHandler
                0x0000000008005260                DMA2_Stream5_IRQHandler
                0x0000000008005260                DMA1_Stream5_IRQHandler
                0x0000000008005260                PVD_IRQHandler
                0x0000000008005260                SDIO_IRQHandler
                0x0000000008005260                TAMP_STAMP_IRQHandler
                0x0000000008005260                EXTI3_IRQHandler
                0x0000000008005260                TIM1_UP_TIM10_IRQHandler
                0x0000000008005260                I2C3_ER_IRQHandler
                0x0000000008005260                EXTI0_IRQHandler
                0x0000000008005260                I2C2_EV_IRQHandler
                0x0000000008005260                DMA1_Stream2_IRQHandler
                0x0000000008005260                FPU_IRQHandler
                0x0000000008005260                DMA2_Stream2_IRQHandler
                0x0000000008005260                SPI1_IRQHandler
                0x0000000008005260                TIM1_BRK_TIM9_IRQHandler
                0x0000000008005260                DMA2_Stream3_IRQHandler
                0x0000000008005260                USART6_IRQHandler
                0x0000000008005260                DMA2_Stream0_IRQHandler
                0x0000000008005260                TIM4_IRQHandler
                0x0000000008005260                I2C1_EV_IRQHandler
                0x0000000008005260                DMA1_Stream1_IRQHandler
                0x0000000008005260                TIM3_IRQHandler
                0x0000000008005260                RCC_IRQHandler
                0x0000000008005260                Default_Handler
                0x0000000008005260                EXTI15_10_IRQHandler
                0x0000000008005260                ADC_IRQHandler
                0x0000000008005260                DMA1_Stream7_IRQHandler
                0x0000000008005260                SPI5_IRQHandler
                0x0000000008005260                TIM5_IRQHandler
                0x0000000008005260                DMA2_Stream7_IRQHandler
                0x0000000008005260                I2C3_EV_IRQHandler
                0x0000000008005260                EXTI9_5_IRQHandler
                0x0000000008005260                RTC_WKUP_IRQHandler
                0x0000000008005260                SPI2_IRQHandler
                0x0000000008005260                DMA1_Stream0_IRQHandler
                0x0000000008005260                EXTI4_IRQHandler
                0x0000000008005260                WWDG_IRQHandler
                0x0000000008005260                TIM2_IRQHandler
                0x0000000008005260                OTG_FS_WKUP_IRQHandler
                0x0000000008005260                TIM1_TRG_COM_TIM11_IRQHandler
                0x0000000008005260                EXTI1_IRQHandler
                0x0000000008005260                USART2_IRQHandler
                0x0000000008005260                I2C2_ER_IRQHandler
                0x0000000008005260                DMA2_Stream1_IRQHandler
                0x0000000008005260                FLASH_IRQHandler
                0x0000000008005260                DMA2_Stream4_IRQHandler
                0x0000000008005260                USART1_IRQHandler
                0x0000000008005260                SPI3_IRQHandler
                0x0000000008005260                DMA1_Stream4_IRQHandler
                0x0000000008005260                I2C1_ER_IRQHandler
                0x0000000008005260                DMA2_Stream6_IRQHandler
                0x0000000008005260                DMA1_Stream3_IRQHandler
 *fill*         0x0000000008005262        0x2 
 .text.__errno  0x0000000008005264        0xc /home/vlad/.eclipse/360744294_linux_gtk_x86_64/plugins/fr.ac6.mcu.externaltools.arm-none.linux64_1.17.0.201812190825/tools/compiler/bin/../lib/gcc/arm-none-eabi/7.3.1/../../../../arm-none-eabi/lib/thumb/v7e-m/fpv4-sp/hard/libc_nano.a(lib_a-errno.o)
                0x0000000008005264                __errno
 .text.__libc_init_array
                0x0000000008005270       0x48 /home/vlad/.eclipse/360744294_linux_gtk_x86_64/plugins/fr.ac6.mcu.externaltools.arm-none.linux64_1.17.0.201812190825/tools/compiler/bin/../lib/gcc/arm-none-eabi/7.3.1/../../../../arm-none-eabi/lib/thumb/v7e-m/fpv4-sp/hard/libc_nano.a(lib_a-init.o)
                0x0000000008005270                __libc_init_array
 .text.malloc   0x00000000080052b8       0x10 /home/vlad/.eclipse/360744294_linux_gtk_x86_64/plugins/fr.ac6.mcu.externaltools.arm-none.linux64_1.17.0.201812190825/tools/compiler/bin/../lib/gcc/arm-none-eabi/7.3.1/../../../../arm-none-eabi/lib/thumb/v7e-m/fpv4-sp/hard/libc_nano.a(lib_a-malloc.o)
                0x00000000080052b8                malloc
 .text.free     0x00000000080052c8       0x10 /home/vlad/.eclipse/360744294_linux_gtk_x86_64/plugins/fr.ac6.mcu.externaltools.arm-none.linux64_1.17.0.201812190825/tools/compiler/bin/../lib/gcc/arm-none-eabi/7.3.1/../../../../arm-none-eabi/lib/thumb/v7e-m/fpv4-sp/hard/libc_nano.a(lib_a-malloc.o)
                0x00000000080052c8                free
 .text.memset   0x00000000080052d8       0x10 /home/vlad/.eclipse/360744294_linux_gtk_x86_64/plugins/fr.ac6.mcu.externaltools.arm-none.linux64_1.17.0.201812190825/tools/compiler/bin/../lib/gcc/arm-none-eabi/7.3.1/../../../../arm-none-eabi/lib/thumb/v7e-m/fpv4-sp/hard/libc_nano.a(lib_a-memset.o)
                0x00000000080052d8                memset
 .text._free_r  0x00000000080052e8       0x9c /home/vlad/.eclipse/360744294_linux_gtk_x86_64/plugins/fr.ac6.mcu.externaltools.arm-none.linux64_1.17.0.201812190825/tools/compiler/bin/../lib/gcc/arm-none-eabi/7.3.1/../../../../arm-none-eabi/lib/thumb/v7e-m/fpv4-sp/hard/libc_nano.a(lib_a-nano-freer.o)
                0x00000000080052e8                _free_r
 .text._malloc_r
                0x0000000008005384       0xb4 /home/vlad/.eclipse/360744294_linux_gtk_x86_64/plugins/fr.ac6.mcu.externaltools.arm-none.linux64_1.17.0.201812190825/tools/compiler/bin/../lib/gcc/arm-none-eabi/7.3.1/../../../../arm-none-eabi/lib/thumb/v7e-m/fpv4-sp/hard/libc_nano.a(lib_a-nano-mallocr.o)
                0x0000000008005384                _malloc_r
 .text._sbrk_r  0x0000000008005438       0x20 /home/vlad/.eclipse/360744294_linux_gtk_x86_64/plugins/fr.ac6.mcu.externaltools.arm-none.linux64_1.17.0.201812190825/tools/compiler/bin/../lib/gcc/arm-none-eabi/7.3.1/../../../../arm-none-eabi/lib/thumb/v7e-m/fpv4-sp/hard/libc_nano.a(lib_a-sbrkr.o)
                0x0000000008005438                _sbrk_r
 .text.__malloc_lock
                0x0000000008005458        0x2 /home/vlad/.eclipse/360744294_linux_gtk_x86_64/plugins/fr.ac6.mcu.externaltools.arm-none.linux64_1.17.0.201812190825/tools/compiler/bin/../lib/gcc/arm-none-eabi/7.3.1/../../../../arm-none-eabi/lib/thumb/v7e-m/fpv4-sp/hard/libc_nano.a(lib_a-mlock.o)
                0x0000000008005458                __malloc_lock
 .text.__malloc_unlock
                0x000000000800545a        0x2 /home/vlad/.eclipse/360744294_linux_gtk_x86_64/plugins/fr.ac6.mcu.externaltools.arm-none.linux64_1.17.0.201812190825/tools/compiler/bin/../lib/gcc/arm-none-eabi/7.3.1/../../../../arm-none-eabi/lib/thumb/v7e-m/fpv4-sp/hard/libc_nano.a(lib_a-mlock.o)
                0x000000000800545a                __malloc_unlock
 *(.glue_7)
 .glue_7        0x000000000800545c        0x0 linker stubs
 *(.glue_7t)
 .glue_7t       0x000000000800545c        0x0 linker stubs
 *(.eh_frame)
 .eh_frame      0x000000000800545c        0x0 /home/vlad/.eclipse/360744294_linux_gtk_x86_64/plugins/fr.ac6.mcu.externaltools.arm-none.linux64_1.17.0.201812190825/tools/compiler/bin/../lib/gcc/arm-none-eabi/7.3.1/thumb/v7e-m/fpv4-sp/hard/crtbegin.o
 *(.init)
 .init          0x000000000800545c        0x4 /home/vlad/.eclipse/360744294_linux_gtk_x86_64/plugins/fr.ac6.mcu.externaltools.arm-none.linux64_1.17.0.201812190825/tools/compiler/bin/../lib/gcc/arm-none-eabi/7.3.1/thumb/v7e-m/fpv4-sp/hard/crti.o
                0x000000000800545c                _init
 .init          0x0000000008005460        0x8 /home/vlad/.eclipse/360744294_linux_gtk_x86_64/plugins/fr.ac6.mcu.externaltools.arm-none.linux64_1.17.0.201812190825/tools/compiler/bin/../lib/gcc/arm-none-eabi/7.3.1/thumb/v7e-m/fpv4-sp/hard/crtn.o
 *(.fini)
 .fini          0x0000000008005468        0x4 /home/vlad/.eclipse/360744294_linux_gtk_x86_64/plugins/fr.ac6.mcu.externaltools.arm-none.linux64_1.17.0.201812190825/tools/compiler/bin/../lib/gcc/arm-none-eabi/7.3.1/thumb/v7e-m/fpv4-sp/hard/crti.o
                0x0000000008005468                _fini
 .fini          0x000000000800546c        0x8 /home/vlad/.eclipse/360744294_linux_gtk_x86_64/plugins/fr.ac6.mcu.externaltools.arm-none.linux64_1.17.0.201812190825/tools/compiler/bin/../lib/gcc/arm-none-eabi/7.3.1/thumb/v7e-m/fpv4-sp/hard/crtn.o
                0x0000000008005474                . = ALIGN (0x4)
                0x0000000008005474                _etext = .

.vfp11_veneer   0x0000000008005474        0x0
 .vfp11_veneer  0x0000000008005474        0x0 linker stubs

.v4_bx          0x0000000008005474        0x0
 .v4_bx         0x0000000008005474        0x0 linker stubs

.iplt           0x0000000008005474        0x0
 .iplt          0x0000000008005474        0x0 /home/vlad/.eclipse/360744294_linux_gtk_x86_64/plugins/fr.ac6.mcu.externaltools.arm-none.linux64_1.17.0.201812190825/tools/compiler/bin/../lib/gcc/arm-none-eabi/7.3.1/thumb/v7e-m/fpv4-sp/hard/crtbegin.o

.rodata         0x0000000008005474       0x24
                0x0000000008005474                . = ALIGN (0x4)
 *(.rodata)
 .rodata        0x0000000008005474        0x8 Drivers/STM32F4xx_HAL_Driver/Src/stm32f4xx_hal_dma.o
 .rodata        0x000000000800547c       0x18 Src/system_stm32f4xx.o
                0x000000000800547c                AHBPrescTable
                0x000000000800548c                APBPrescTable
 *(.rodata*)
 .rodata.str1.4
                0x0000000008005494        0x4 Middlewares/ST/STM32_USB_Host_Library/Class/CDC/Src/usbh_cdc.o
                0x0000000008005498                . = ALIGN (0x4)

.ARM.extab
 *(.ARM.extab* .gnu.linkonce.armextab.*)

.ARM            0x0000000008005498        0x8
                0x0000000008005498                __exidx_start = .
 *(.ARM.exidx*)
 .ARM.exidx     0x0000000008005498        0x8 /home/vlad/.eclipse/360744294_linux_gtk_x86_64/plugins/fr.ac6.mcu.externaltools.arm-none.linux64_1.17.0.201812190825/tools/compiler/bin/../lib/gcc/arm-none-eabi/7.3.1/thumb/v7e-m/fpv4-sp/hard/libgcc.a(_udivmoddi4.o)
                0x00000000080054a0                __exidx_end = .

.rel.dyn        0x00000000080054a0        0x0
 .rel.iplt      0x00000000080054a0        0x0 /home/vlad/.eclipse/360744294_linux_gtk_x86_64/plugins/fr.ac6.mcu.externaltools.arm-none.linux64_1.17.0.201812190825/tools/compiler/bin/../lib/gcc/arm-none-eabi/7.3.1/thumb/v7e-m/fpv4-sp/hard/crtbegin.o

.preinit_array  0x00000000080054a0        0x0
                0x00000000080054a0                PROVIDE (__preinit_array_start = .)
 *(.preinit_array*)
                0x00000000080054a0                PROVIDE (__preinit_array_end = .)

.init_array     0x00000000080054a0        0x4
                0x00000000080054a0                PROVIDE (__init_array_start = .)
 *(SORT_BY_NAME(.init_array.*))
 *(.init_array*)
 .init_array    0x00000000080054a0        0x4 /home/vlad/.eclipse/360744294_linux_gtk_x86_64/plugins/fr.ac6.mcu.externaltools.arm-none.linux64_1.17.0.201812190825/tools/compiler/bin/../lib/gcc/arm-none-eabi/7.3.1/thumb/v7e-m/fpv4-sp/hard/crtbegin.o
                0x00000000080054a4                PROVIDE (__init_array_end = .)

.fini_array     0x00000000080054a4        0x4
                [!provide]                        PROVIDE (__fini_array_start = .)
 *(SORT_BY_NAME(.fini_array.*))
 *(.fini_array*)
 .fini_array    0x00000000080054a4        0x4 /home/vlad/.eclipse/360744294_linux_gtk_x86_64/plugins/fr.ac6.mcu.externaltools.arm-none.linux64_1.17.0.201812190825/tools/compiler/bin/../lib/gcc/arm-none-eabi/7.3.1/thumb/v7e-m/fpv4-sp/hard/crtbegin.o
                [!provide]                        PROVIDE (__fini_array_end = .)
                0x00000000080054a8                _sidata = LOADADDR (.data)

.data           0x0000000020000000       0x90 load address 0x00000000080054a8
                0x0000000020000000                . = ALIGN (0x4)
                0x0000000020000000                _sdata = .
 *(.data)
 .data          0x0000000020000000        0x8 Drivers/STM32F4xx_HAL_Driver/Src/stm32f4xx_hal.o
                0x0000000020000000                uwTickFreq
                0x0000000020000004                uwTickPrio
 .data          0x0000000020000008       0x20 Middlewares/ST/STM32_USB_Host_Library/Class/CDC/Src/usbh_cdc.o
                0x0000000020000008                CDC_Class
 .data          0x0000000020000028        0x4 Src/system_stm32f4xx.o
                0x0000000020000028                SystemCoreClock
 *(.data*)
 .data._impure_ptr
                0x000000002000002c        0x4 /home/vlad/.eclipse/360744294_linux_gtk_x86_64/plugins/fr.ac6.mcu.externaltools.arm-none.linux64_1.17.0.201812190825/tools/compiler/bin/../lib/gcc/arm-none-eabi/7.3.1/../../../../arm-none-eabi/lib/thumb/v7e-m/fpv4-sp/hard/libc_nano.a(lib_a-impure.o)
                0x000000002000002c                _impure_ptr
 .data.impure_data
                0x0000000020000030       0x60 /home/vlad/.eclipse/360744294_linux_gtk_x86_64/plugins/fr.ac6.mcu.externaltools.arm-none.linux64_1.17.0.201812190825/tools/compiler/bin/../lib/gcc/arm-none-eabi/7.3.1/../../../../arm-none-eabi/lib/thumb/v7e-m/fpv4-sp/hard/libc_nano.a(lib_a-impure.o)
                0x0000000020000090                . = ALIGN (0x4)
                0x0000000020000090                _edata = .

.igot.plt       0x0000000020000090        0x0 load address 0x0000000008005538
 .igot.plt      0x0000000020000090        0x0 /home/vlad/.eclipse/360744294_linux_gtk_x86_64/plugins/fr.ac6.mcu.externaltools.arm-none.linux64_1.17.0.201812190825/tools/compiler/bin/../lib/gcc/arm-none-eabi/7.3.1/thumb/v7e-m/fpv4-sp/hard/crtbegin.o
                0x0000000020000090                . = ALIGN (0x4)

.bss            0x0000000020000090     0x1448 load address 0x0000000008005538
                0x0000000020000090                _sbss = .
                0x0000000020000090                __bss_start__ = _sbss
 *(.bss)
 .bss           0x0000000020000090       0x1c /home/vlad/.eclipse/360744294_linux_gtk_x86_64/plugins/fr.ac6.mcu.externaltools.arm-none.linux64_1.17.0.201812190825/tools/compiler/bin/../lib/gcc/arm-none-eabi/7.3.1/thumb/v7e-m/fpv4-sp/hard/crtbegin.o
 .bss           0x00000000200000ac        0x4 Drivers/STM32F4xx_HAL_Driver/Src/stm32f4xx_ll_usb.o
 .bss           0x00000000200000b0        0x8 Src/syscalls.o
                0x00000000200000b4                __env
 .bss           0x00000000200000b8        0x1 Src/usb_host.o
                0x00000000200000b8                Appli_state
 *fill*         0x00000000200000b9        0x3 
 .bss           0x00000000200000bc      0xba0 Src/ws2812.o
                0x00000000200000bc                BUF_DMA
 *(.bss*)
 .bss.__malloc_free_list
                0x0000000020000c5c        0x4 /home/vlad/.eclipse/360744294_linux_gtk_x86_64/plugins/fr.ac6.mcu.externaltools.arm-none.linux64_1.17.0.201812190825/tools/compiler/bin/../lib/gcc/arm-none-eabi/7.3.1/../../../../arm-none-eabi/lib/thumb/v7e-m/fpv4-sp/hard/libc_nano.a(lib_a-nano-mallocr.o)
                0x0000000020000c5c                __malloc_free_list
 .bss.__malloc_sbrk_start
                0x0000000020000c60        0x4 /home/vlad/.eclipse/360744294_linux_gtk_x86_64/plugins/fr.ac6.mcu.externaltools.arm-none.linux64_1.17.0.201812190825/tools/compiler/bin/../lib/gcc/arm-none-eabi/7.3.1/../../../../arm-none-eabi/lib/thumb/v7e-m/fpv4-sp/hard/libc_nano.a(lib_a-nano-mallocr.o)
                0x0000000020000c60                __malloc_sbrk_start
 *(COMMON)
 COMMON         0x0000000020000c64        0x4 Drivers/STM32F4xx_HAL_Driver/Src/stm32f4xx_hal.o
                0x0000000020000c64                uwTick
 COMMON         0x0000000020000c68      0x1dc Src/main.o
                0x0000000020000c68                hi2c1
                0x0000000020000cbc                hdma_tim2_ch2_ch4
                0x0000000020000d1c                hspi1
                0x0000000020000d74                htim2
                0x0000000020000db4                hi2s2
                0x0000000020000dfc                hi2s3
 COMMON         0x0000000020000e44      0x3cc Src/usb_host.o
                0x0000000020000e44                hUsbHostFS
 COMMON         0x0000000020001210      0x2c4 Src/usbh_conf.o
                0x0000000020001210                hhcd_USB_OTG_FS
 COMMON         0x00000000200014d4        0x4 /home/vlad/.eclipse/360744294_linux_gtk_x86_64/plugins/fr.ac6.mcu.externaltools.arm-none.linux64_1.17.0.201812190825/tools/compiler/bin/../lib/gcc/arm-none-eabi/7.3.1/../../../../arm-none-eabi/lib/thumb/v7e-m/fpv4-sp/hard/libc_nano.a(lib_a-reent.o)
                0x00000000200014d4                errno
                0x00000000200014d8                . = ALIGN (0x4)
                0x00000000200014d8                _ebss = .
                0x00000000200014d8                __bss_end__ = _ebss

._user_heap_stack
                0x00000000200014d8      0x600 load address 0x0000000008005538
                0x00000000200014d8                . = ALIGN (0x8)
                0x00000000200014d8                PROVIDE (end = .)
                [!provide]                        PROVIDE (_end = .)
                0x00000000200016d8                . = (. + _Min_Heap_Size)
 *fill*         0x00000000200014d8      0x200 
                0x0000000020001ad8                . = (. + _Min_Stack_Size)
 *fill*         0x00000000200016d8      0x400 
                0x0000000020001ad8                . = ALIGN (0x8)

/DISCARD/
 libc.a(*)
 libm.a(*)
 libgcc.a(*)

.ARM.attributes
                0x0000000000000000       0x30
 *(.ARM.attributes)
 .ARM.attributes
                0x0000000000000000       0x22 /home/vlad/.eclipse/360744294_linux_gtk_x86_64/plugins/fr.ac6.mcu.externaltools.arm-none.linux64_1.17.0.201812190825/tools/compiler/bin/../lib/gcc/arm-none-eabi/7.3.1/thumb/v7e-m/fpv4-sp/hard/crti.o
 .ARM.attributes
                0x0000000000000022       0x34 /home/vlad/.eclipse/360744294_linux_gtk_x86_64/plugins/fr.ac6.mcu.externaltools.arm-none.linux64_1.17.0.201812190825/tools/compiler/bin/../lib/gcc/arm-none-eabi/7.3.1/thumb/v7e-m/fpv4-sp/hard/crtbegin.o
 .ARM.attributes
                0x0000000000000056       0x39 Drivers/STM32F4xx_HAL_Driver/Src/stm32f4xx_hal.o
 .ARM.attributes
                0x000000000000008f       0x39 Drivers/STM32F4xx_HAL_Driver/Src/stm32f4xx_hal_cortex.o
 .ARM.attributes
                0x00000000000000c8       0x39 Drivers/STM32F4xx_HAL_Driver/Src/stm32f4xx_hal_dma.o
 .ARM.attributes
                0x0000000000000101       0x39 Drivers/STM32F4xx_HAL_Driver/Src/stm32f4xx_hal_gpio.o
 .ARM.attributes
                0x000000000000013a       0x39 Drivers/STM32F4xx_HAL_Driver/Src/stm32f4xx_hal_hcd.o
 .ARM.attributes
                0x0000000000000173       0x39 Drivers/STM32F4xx_HAL_Driver/Src/stm32f4xx_hal_i2c.o
 .ARM.attributes
                0x00000000000001ac       0x39 Drivers/STM32F4xx_HAL_Driver/Src/stm32f4xx_hal_i2s.o
 .ARM.attributes
                0x00000000000001e5       0x39 Drivers/STM32F4xx_HAL_Driver/Src/stm32f4xx_hal_i2s_ex.o
 .ARM.attributes
                0x000000000000021e       0x39 Drivers/STM32F4xx_HAL_Driver/Src/stm32f4xx_hal_rcc.o
 .ARM.attributes
                0x0000000000000257       0x39 Drivers/STM32F4xx_HAL_Driver/Src/stm32f4xx_hal_rcc_ex.o
 .ARM.attributes
                0x0000000000000290       0x39 Drivers/STM32F4xx_HAL_Driver/Src/stm32f4xx_hal_spi.o
 .ARM.attributes
                0x00000000000002c9       0x39 Drivers/STM32F4xx_HAL_Driver/Src/stm32f4xx_hal_tim.o
 .ARM.attributes
                0x0000000000000302       0x39 Drivers/STM32F4xx_HAL_Driver/Src/stm32f4xx_hal_tim_ex.o
 .ARM.attributes
                0x000000000000033b       0x39 Drivers/STM32F4xx_HAL_Driver/Src/stm32f4xx_ll_usb.o
 .ARM.attributes
                0x0000000000000374       0x39 Middlewares/ST/STM32_USB_Host_Library/Class/CDC/Src/usbh_cdc.o
 .ARM.attributes
                0x00000000000003ad       0x39 Middlewares/ST/STM32_USB_Host_Library/Core/Src/usbh_core.o
 .ARM.attributes
                0x00000000000003e6       0x39 Middlewares/ST/STM32_USB_Host_Library/Core/Src/usbh_ctlreq.o
 .ARM.attributes
                0x000000000000041f       0x39 Middlewares/ST/STM32_USB_Host_Library/Core/Src/usbh_ioreq.o
 .ARM.attributes
                0x0000000000000458       0x39 Middlewares/ST/STM32_USB_Host_Library/Core/Src/usbh_pipes.o
 .ARM.attributes
                0x0000000000000491       0x39 Src/main.o
 .ARM.attributes
                0x00000000000004ca       0x39 Src/stm32f4xx_hal_msp.o
 .ARM.attributes
                0x0000000000000503       0x39 Src/stm32f4xx_it.o
 .ARM.attributes
                0x000000000000053c       0x39 Src/syscalls.o
 .ARM.attributes
                0x0000000000000575       0x39 Src/system_stm32f4xx.o
 .ARM.attributes
                0x00000000000005ae       0x39 Src/usb_host.o
 .ARM.attributes
                0x00000000000005e7       0x39 Src/usbh_conf.o
 .ARM.attributes
                0x0000000000000620       0x39 Src/usbh_platform.o
 .ARM.attributes
                0x0000000000000659       0x39 Src/ws2812.o
 .ARM.attributes
                0x0000000000000692       0x21 startup/startup_stm32f411xe.o
 .ARM.attributes
                0x00000000000006b3       0x22 /home/vlad/.eclipse/360744294_linux_gtk_x86_64/plugins/fr.ac6.mcu.externaltools.arm-none.linux64_1.17.0.201812190825/tools/compiler/bin/../lib/gcc/arm-none-eabi/7.3.1/thumb/v7e-m/fpv4-sp/hard/libgcc.a(_aeabi_uldivmod.o)
 .ARM.attributes
                0x00000000000006d5       0x34 /home/vlad/.eclipse/360744294_linux_gtk_x86_64/plugins/fr.ac6.mcu.externaltools.arm-none.linux64_1.17.0.201812190825/tools/compiler/bin/../lib/gcc/arm-none-eabi/7.3.1/thumb/v7e-m/fpv4-sp/hard/libgcc.a(_udivmoddi4.o)
 .ARM.attributes
                0x0000000000000709       0x22 /home/vlad/.eclipse/360744294_linux_gtk_x86_64/plugins/fr.ac6.mcu.externaltools.arm-none.linux64_1.17.0.201812190825/tools/compiler/bin/../lib/gcc/arm-none-eabi/7.3.1/thumb/v7e-m/fpv4-sp/hard/libgcc.a(_dvmd_tls.o)
 .ARM.attributes
                0x000000000000072b       0x34 /home/vlad/.eclipse/360744294_linux_gtk_x86_64/plugins/fr.ac6.mcu.externaltools.arm-none.linux64_1.17.0.201812190825/tools/compiler/bin/../lib/gcc/arm-none-eabi/7.3.1/../../../../arm-none-eabi/lib/thumb/v7e-m/fpv4-sp/hard/libc_nano.a(lib_a-errno.o)
 .ARM.attributes
                0x000000000000075f       0x34 /home/vlad/.eclipse/360744294_linux_gtk_x86_64/plugins/fr.ac6.mcu.externaltools.arm-none.linux64_1.17.0.201812190825/tools/compiler/bin/../lib/gcc/arm-none-eabi/7.3.1/../../../../arm-none-eabi/lib/thumb/v7e-m/fpv4-sp/hard/libc_nano.a(lib_a-impure.o)
 .ARM.attributes
                0x0000000000000793       0x34 /home/vlad/.eclipse/360744294_linux_gtk_x86_64/plugins/fr.ac6.mcu.externaltools.arm-none.linux64_1.17.0.201812190825/tools/compiler/bin/../lib/gcc/arm-none-eabi/7.3.1/../../../../arm-none-eabi/lib/thumb/v7e-m/fpv4-sp/hard/libc_nano.a(lib_a-init.o)
 .ARM.attributes
                0x00000000000007c7       0x34 /home/vlad/.eclipse/360744294_linux_gtk_x86_64/plugins/fr.ac6.mcu.externaltools.arm-none.linux64_1.17.0.201812190825/tools/compiler/bin/../lib/gcc/arm-none-eabi/7.3.1/../../../../arm-none-eabi/lib/thumb/v7e-m/fpv4-sp/hard/libc_nano.a(lib_a-malloc.o)
 .ARM.attributes
                0x00000000000007fb       0x34 /home/vlad/.eclipse/360744294_linux_gtk_x86_64/plugins/fr.ac6.mcu.externaltools.arm-none.linux64_1.17.0.201812190825/tools/compiler/bin/../lib/gcc/arm-none-eabi/7.3.1/../../../../arm-none-eabi/lib/thumb/v7e-m/fpv4-sp/hard/libc_nano.a(lib_a-memset.o)
 .ARM.attributes
                0x000000000000082f       0x34 /home/vlad/.eclipse/360744294_linux_gtk_x86_64/plugins/fr.ac6.mcu.externaltools.arm-none.linux64_1.17.0.201812190825/tools/compiler/bin/../lib/gcc/arm-none-eabi/7.3.1/../../../../arm-none-eabi/lib/thumb/v7e-m/fpv4-sp/hard/libc_nano.a(lib_a-nano-freer.o)
 .ARM.attributes
                0x0000000000000863       0x34 /home/vlad/.eclipse/360744294_linux_gtk_x86_64/plugins/fr.ac6.mcu.externaltools.arm-none.linux64_1.17.0.201812190825/tools/compiler/bin/../lib/gcc/arm-none-eabi/7.3.1/../../../../arm-none-eabi/lib/thumb/v7e-m/fpv4-sp/hard/libc_nano.a(lib_a-nano-mallocr.o)
 .ARM.attributes
                0x0000000000000897       0x34 /home/vlad/.eclipse/360744294_linux_gtk_x86_64/plugins/fr.ac6.mcu.externaltools.arm-none.linux64_1.17.0.201812190825/tools/compiler/bin/../lib/gcc/arm-none-eabi/7.3.1/../../../../arm-none-eabi/lib/thumb/v7e-m/fpv4-sp/hard/libc_nano.a(lib_a-sbrkr.o)
 .ARM.attributes
                0x00000000000008cb       0x34 /home/vlad/.eclipse/360744294_linux_gtk_x86_64/plugins/fr.ac6.mcu.externaltools.arm-none.linux64_1.17.0.201812190825/tools/compiler/bin/../lib/gcc/arm-none-eabi/7.3.1/../../../../arm-none-eabi/lib/thumb/v7e-m/fpv4-sp/hard/libc_nano.a(lib_a-mlock.o)
 .ARM.attributes
                0x00000000000008ff       0x34 /home/vlad/.eclipse/360744294_linux_gtk_x86_64/plugins/fr.ac6.mcu.externaltools.arm-none.linux64_1.17.0.201812190825/tools/compiler/bin/../lib/gcc/arm-none-eabi/7.3.1/../../../../arm-none-eabi/lib/thumb/v7e-m/fpv4-sp/hard/libc_nano.a(lib_a-reent.o)
 .ARM.attributes
                0x0000000000000933       0x22 /home/vlad/.eclipse/360744294_linux_gtk_x86_64/plugins/fr.ac6.mcu.externaltools.arm-none.linux64_1.17.0.201812190825/tools/compiler/bin/../lib/gcc/arm-none-eabi/7.3.1/thumb/v7e-m/fpv4-sp/hard/crtn.o
OUTPUT(second.elf elf32-littlearm)

.debug_info     0x0000000000000000    0x237e2
 .debug_info    0x0000000000000000      0x960 Drivers/STM32F4xx_HAL_Driver/Src/stm32f4xx_hal.o
 .debug_info    0x0000000000000960      0xeaa Drivers/STM32F4xx_HAL_Driver/Src/stm32f4xx_hal_cortex.o
 .debug_info    0x000000000000180a      0xa53 Drivers/STM32F4xx_HAL_Driver/Src/stm32f4xx_hal_dma.o
 .debug_info    0x000000000000225d      0x798 Drivers/STM32F4xx_HAL_Driver/Src/stm32f4xx_hal_gpio.o
 .debug_info    0x00000000000029f5     0x1276 Drivers/STM32F4xx_HAL_Driver/Src/stm32f4xx_hal_hcd.o
 .debug_info    0x0000000000003c6b     0x3282 Drivers/STM32F4xx_HAL_Driver/Src/stm32f4xx_hal_i2c.o
 .debug_info    0x0000000000006eed      0xf85 Drivers/STM32F4xx_HAL_Driver/Src/stm32f4xx_hal_i2s.o
 .debug_info    0x0000000000007e72      0xd91 Drivers/STM32F4xx_HAL_Driver/Src/stm32f4xx_hal_i2s_ex.o
 .debug_info    0x0000000000008c03      0xa63 Drivers/STM32F4xx_HAL_Driver/Src/stm32f4xx_hal_rcc.o
 .debug_info    0x0000000000009666      0x6d2 Drivers/STM32F4xx_HAL_Driver/Src/stm32f4xx_hal_rcc_ex.o
 .debug_info    0x0000000000009d38     0x1ba1 Drivers/STM32F4xx_HAL_Driver/Src/stm32f4xx_hal_spi.o
 .debug_info    0x000000000000b8d9     0x3180 Drivers/STM32F4xx_HAL_Driver/Src/stm32f4xx_hal_tim.o
 .debug_info    0x000000000000ea59     0x148f Drivers/STM32F4xx_HAL_Driver/Src/stm32f4xx_hal_tim_ex.o
 .debug_info    0x000000000000fee8     0x1b1d Drivers/STM32F4xx_HAL_Driver/Src/stm32f4xx_ll_usb.o
 .debug_info    0x0000000000011a05     0x1e41 Middlewares/ST/STM32_USB_Host_Library/Class/CDC/Src/usbh_cdc.o
 .debug_info    0x0000000000013846     0x1b6e Middlewares/ST/STM32_USB_Host_Library/Core/Src/usbh_core.o
 .debug_info    0x00000000000153b4     0x1a33 Middlewares/ST/STM32_USB_Host_Library/Core/Src/usbh_ctlreq.o
 .debug_info    0x0000000000016de7     0x1661 Middlewares/ST/STM32_USB_Host_Library/Core/Src/usbh_ioreq.o
 .debug_info    0x0000000000018448     0x1309 Middlewares/ST/STM32_USB_Host_Library/Core/Src/usbh_pipes.o
 .debug_info    0x0000000000019751     0x2306 Src/main.o
 .debug_info    0x000000000001ba57     0x1494 Src/stm32f4xx_hal_msp.o
 .debug_info    0x000000000001ceeb      0xb8a Src/stm32f4xx_it.o
 .debug_info    0x000000000001da75      0xfd3 Src/syscalls.o
 .debug_info    0x000000000001ea48      0x531 Src/system_stm32f4xx.o
 .debug_info    0x000000000001ef79     0x12ab Src/usb_host.o
 .debug_info    0x0000000000020224     0x2487 Src/usbh_conf.o
 .debug_info    0x00000000000226ab      0x251 Src/usbh_platform.o
 .debug_info    0x00000000000228fc      0xec4 Src/ws2812.o
 .debug_info    0x00000000000237c0       0x22 startup/startup_stm32f411xe.o

.debug_abbrev   0x0000000000000000     0x44ed
 .debug_abbrev  0x0000000000000000      0x21c Drivers/STM32F4xx_HAL_Driver/Src/stm32f4xx_hal.o
 .debug_abbrev  0x000000000000021c      0x328 Drivers/STM32F4xx_HAL_Driver/Src/stm32f4xx_hal_cortex.o
 .debug_abbrev  0x0000000000000544      0x258 Drivers/STM32F4xx_HAL_Driver/Src/stm32f4xx_hal_dma.o
 .debug_abbrev  0x000000000000079c      0x1e7 Drivers/STM32F4xx_HAL_Driver/Src/stm32f4xx_hal_gpio.o
 .debug_abbrev  0x0000000000000983      0x27f Drivers/STM32F4xx_HAL_Driver/Src/stm32f4xx_hal_hcd.o
 .debug_abbrev  0x0000000000000c02      0x293 Drivers/STM32F4xx_HAL_Driver/Src/stm32f4xx_hal_i2c.o
 .debug_abbrev  0x0000000000000e95      0x249 Drivers/STM32F4xx_HAL_Driver/Src/stm32f4xx_hal_i2s.o
 .debug_abbrev  0x00000000000010de      0x290 Drivers/STM32F4xx_HAL_Driver/Src/stm32f4xx_hal_i2s_ex.o
 .debug_abbrev  0x000000000000136e      0x273 Drivers/STM32F4xx_HAL_Driver/Src/stm32f4xx_hal_rcc.o
 .debug_abbrev  0x00000000000015e1      0x190 Drivers/STM32F4xx_HAL_Driver/Src/stm32f4xx_hal_rcc_ex.o
 .debug_abbrev  0x0000000000001771      0x249 Drivers/STM32F4xx_HAL_Driver/Src/stm32f4xx_hal_spi.o
 .debug_abbrev  0x00000000000019ba      0x235 Drivers/STM32F4xx_HAL_Driver/Src/stm32f4xx_hal_tim.o
 .debug_abbrev  0x0000000000001bef      0x246 Drivers/STM32F4xx_HAL_Driver/Src/stm32f4xx_hal_tim_ex.o
 .debug_abbrev  0x0000000000001e35      0x2a8 Drivers/STM32F4xx_HAL_Driver/Src/stm32f4xx_ll_usb.o
 .debug_abbrev  0x00000000000020dd      0x346 Middlewares/ST/STM32_USB_Host_Library/Class/CDC/Src/usbh_cdc.o
 .debug_abbrev  0x0000000000002423      0x371 Middlewares/ST/STM32_USB_Host_Library/Core/Src/usbh_core.o
 .debug_abbrev  0x0000000000002794      0x35d Middlewares/ST/STM32_USB_Host_Library/Core/Src/usbh_ctlreq.o
 .debug_abbrev  0x0000000000002af1      0x281 Middlewares/ST/STM32_USB_Host_Library/Core/Src/usbh_ioreq.o
 .debug_abbrev  0x0000000000002d72      0x2bb Middlewares/ST/STM32_USB_Host_Library/Core/Src/usbh_pipes.o
 .debug_abbrev  0x000000000000302d      0x319 Src/main.o
 .debug_abbrev  0x0000000000003346      0x20e Src/stm32f4xx_hal_msp.o
 .debug_abbrev  0x0000000000003554      0x1e9 Src/stm32f4xx_it.o
 .debug_abbrev  0x000000000000373d      0x2d4 Src/syscalls.o
 .debug_abbrev  0x0000000000003a11      0x111 Src/system_stm32f4xx.o
 .debug_abbrev  0x0000000000003b22      0x2b5 Src/usb_host.o
 .debug_abbrev  0x0000000000003dd7      0x38a Src/usbh_conf.o
 .debug_abbrev  0x0000000000004161      0x12e Src/usbh_platform.o
 .debug_abbrev  0x000000000000428f      0x24c Src/ws2812.o
 .debug_abbrev  0x00000000000044db       0x12 startup/startup_stm32f411xe.o

.debug_loc      0x0000000000000000    0x12804
 .debug_loc     0x0000000000000000       0xfd Drivers/STM32F4xx_HAL_Driver/Src/stm32f4xx_hal.o
 .debug_loc     0x00000000000000fd      0x5ce Drivers/STM32F4xx_HAL_Driver/Src/stm32f4xx_hal_cortex.o
 .debug_loc     0x00000000000006cb      0xb4e Drivers/STM32F4xx_HAL_Driver/Src/stm32f4xx_hal_dma.o
 .debug_loc     0x0000000000001219      0x497 Drivers/STM32F4xx_HAL_Driver/Src/stm32f4xx_hal_gpio.o
 .debug_loc     0x00000000000016b0      0xba8 Drivers/STM32F4xx_HAL_Driver/Src/stm32f4xx_hal_hcd.o
 .debug_loc     0x0000000000002258     0x3673 Drivers/STM32F4xx_HAL_Driver/Src/stm32f4xx_hal_i2c.o
 .debug_loc     0x00000000000058cb      0xc17 Drivers/STM32F4xx_HAL_Driver/Src/stm32f4xx_hal_i2s.o
 .debug_loc     0x00000000000064e2      0xa81 Drivers/STM32F4xx_HAL_Driver/Src/stm32f4xx_hal_i2s_ex.o
 .debug_loc     0x0000000000006f63      0x3f1 Drivers/STM32F4xx_HAL_Driver/Src/stm32f4xx_hal_rcc.o
 .debug_loc     0x0000000000007354      0x2c7 Drivers/STM32F4xx_HAL_Driver/Src/stm32f4xx_hal_rcc_ex.o
 .debug_loc     0x000000000000761b     0x19fe Drivers/STM32F4xx_HAL_Driver/Src/stm32f4xx_hal_spi.o
 .debug_loc     0x0000000000009019     0x38f0 Drivers/STM32F4xx_HAL_Driver/Src/stm32f4xx_hal_tim.o
 .debug_loc     0x000000000000c909     0x11b6 Drivers/STM32F4xx_HAL_Driver/Src/stm32f4xx_hal_tim_ex.o
 .debug_loc     0x000000000000dabf     0x1e4e Drivers/STM32F4xx_HAL_Driver/Src/stm32f4xx_ll_usb.o
 .debug_loc     0x000000000000f90d      0x642 Middlewares/ST/STM32_USB_Host_Library/Class/CDC/Src/usbh_cdc.o
 .debug_loc     0x000000000000ff4f      0x66c Middlewares/ST/STM32_USB_Host_Library/Core/Src/usbh_core.o
 .debug_loc     0x00000000000105bb      0xbf1 Middlewares/ST/STM32_USB_Host_Library/Core/Src/usbh_ctlreq.o
 .debug_loc     0x00000000000111ac      0x50f Middlewares/ST/STM32_USB_Host_Library/Core/Src/usbh_ioreq.o
 .debug_loc     0x00000000000116bb      0x1be Middlewares/ST/STM32_USB_Host_Library/Core/Src/usbh_pipes.o
 .debug_loc     0x0000000000011879      0x212 Src/stm32f4xx_hal_msp.o
 .debug_loc     0x0000000000011a8b      0x3af Src/syscalls.o
 .debug_loc     0x0000000000011e3a      0x13e Src/system_stm32f4xx.o
 .debug_loc     0x0000000000011f78      0x817 Src/usbh_conf.o
 .debug_loc     0x000000000001278f       0x55 Src/usbh_platform.o
 .debug_loc     0x00000000000127e4       0x20 Src/ws2812.o

.debug_aranges  0x0000000000000000     0x1700
 .debug_aranges
                0x0000000000000000       0xf0 Drivers/STM32F4xx_HAL_Driver/Src/stm32f4xx_hal.o
 .debug_aranges
                0x00000000000000f0       0xa8 Drivers/STM32F4xx_HAL_Driver/Src/stm32f4xx_hal_cortex.o
 .debug_aranges
                0x0000000000000198       0x90 Drivers/STM32F4xx_HAL_Driver/Src/stm32f4xx_hal_dma.o
 .debug_aranges
                0x0000000000000228       0x58 Drivers/STM32F4xx_HAL_Driver/Src/stm32f4xx_hal_gpio.o
 .debug_aranges
                0x0000000000000280       0xf0 Drivers/STM32F4xx_HAL_Driver/Src/stm32f4xx_hal_hcd.o
 .debug_aranges
                0x0000000000000370      0x290 Drivers/STM32F4xx_HAL_Driver/Src/stm32f4xx_hal_i2c.o
 .debug_aranges
                0x0000000000000600      0x108 Drivers/STM32F4xx_HAL_Driver/Src/stm32f4xx_hal_i2s.o
 .debug_aranges
                0x0000000000000708       0x88 Drivers/STM32F4xx_HAL_Driver/Src/stm32f4xx_hal_i2s_ex.o
 .debug_aranges
                0x0000000000000790       0x88 Drivers/STM32F4xx_HAL_Driver/Src/stm32f4xx_hal_rcc.o
 .debug_aranges
                0x0000000000000818       0x50 Drivers/STM32F4xx_HAL_Driver/Src/stm32f4xx_hal_rcc_ex.o
 .debug_aranges
                0x0000000000000868      0x1d0 Drivers/STM32F4xx_HAL_Driver/Src/stm32f4xx_hal_spi.o
 .debug_aranges
                0x0000000000000a38      0x3a8 Drivers/STM32F4xx_HAL_Driver/Src/stm32f4xx_hal_tim.o
 .debug_aranges
                0x0000000000000de0      0x150 Drivers/STM32F4xx_HAL_Driver/Src/stm32f4xx_hal_tim_ex.o
 .debug_aranges
                0x0000000000000f30      0x198 Drivers/STM32F4xx_HAL_Driver/Src/stm32f4xx_ll_usb.o
 .debug_aranges
                0x00000000000010c8       0xa8 Middlewares/ST/STM32_USB_Host_Library/Class/CDC/Src/usbh_cdc.o
 .debug_aranges
                0x0000000000001170       0xc0 Middlewares/ST/STM32_USB_Host_Library/Core/Src/usbh_core.o
 .debug_aranges
                0x0000000000001230       0xa0 Middlewares/ST/STM32_USB_Host_Library/Core/Src/usbh_ctlreq.o
 .debug_aranges
                0x00000000000012d0       0x60 Middlewares/ST/STM32_USB_Host_Library/Core/Src/usbh_ioreq.o
 .debug_aranges
                0x0000000000001330       0x40 Middlewares/ST/STM32_USB_Host_Library/Core/Src/usbh_pipes.o
 .debug_aranges
                0x0000000000001370       0x68 Src/main.o
 .debug_aranges
                0x00000000000013d8       0x68 Src/stm32f4xx_hal_msp.o
 .debug_aranges
                0x0000000000001440       0x70 Src/stm32f4xx_it.o
 .debug_aranges
                0x00000000000014b0       0xb0 Src/syscalls.o
 .debug_aranges
                0x0000000000001560       0x28 Src/system_stm32f4xx.o
 .debug_aranges
                0x0000000000001588       0x30 Src/usb_host.o
 .debug_aranges
                0x00000000000015b8       0xd8 Src/usbh_conf.o
 .debug_aranges
                0x0000000000001690       0x20 Src/usbh_platform.o
 .debug_aranges
                0x00000000000016b0       0x28 Src/ws2812.o
 .debug_aranges
                0x00000000000016d8       0x28 startup/startup_stm32f411xe.o

.debug_ranges   0x0000000000000000     0x15e0
 .debug_ranges  0x0000000000000000       0xe0 Drivers/STM32F4xx_HAL_Driver/Src/stm32f4xx_hal.o
 .debug_ranges  0x00000000000000e0       0xf8 Drivers/STM32F4xx_HAL_Driver/Src/stm32f4xx_hal_cortex.o
 .debug_ranges  0x00000000000001d8       0x80 Drivers/STM32F4xx_HAL_Driver/Src/stm32f4xx_hal_dma.o
 .debug_ranges  0x0000000000000258       0x48 Drivers/STM32F4xx_HAL_Driver/Src/stm32f4xx_hal_gpio.o
 .debug_ranges  0x00000000000002a0       0xe0 Drivers/STM32F4xx_HAL_Driver/Src/stm32f4xx_hal_hcd.o
 .debug_ranges  0x0000000000000380      0x298 Drivers/STM32F4xx_HAL_Driver/Src/stm32f4xx_hal_i2c.o
 .debug_ranges  0x0000000000000618       0xf8 Drivers/STM32F4xx_HAL_Driver/Src/stm32f4xx_hal_i2s.o
 .debug_ranges  0x0000000000000710       0x90 Drivers/STM32F4xx_HAL_Driver/Src/stm32f4xx_hal_i2s_ex.o
 .debug_ranges  0x00000000000007a0       0x90 Drivers/STM32F4xx_HAL_Driver/Src/stm32f4xx_hal_rcc.o
 .debug_ranges  0x0000000000000830       0x40 Drivers/STM32F4xx_HAL_Driver/Src/stm32f4xx_hal_rcc_ex.o
 .debug_ranges  0x0000000000000870      0x1c0 Drivers/STM32F4xx_HAL_Driver/Src/stm32f4xx_hal_spi.o
 .debug_ranges  0x0000000000000a30      0x398 Drivers/STM32F4xx_HAL_Driver/Src/stm32f4xx_hal_tim.o
 .debug_ranges  0x0000000000000dc8      0x140 Drivers/STM32F4xx_HAL_Driver/Src/stm32f4xx_hal_tim_ex.o
 .debug_ranges  0x0000000000000f08      0x188 Drivers/STM32F4xx_HAL_Driver/Src/stm32f4xx_ll_usb.o
 .debug_ranges  0x0000000000001090       0x98 Middlewares/ST/STM32_USB_Host_Library/Class/CDC/Src/usbh_cdc.o
 .debug_ranges  0x0000000000001128       0xb0 Middlewares/ST/STM32_USB_Host_Library/Core/Src/usbh_core.o
 .debug_ranges  0x00000000000011d8       0x90 Middlewares/ST/STM32_USB_Host_Library/Core/Src/usbh_ctlreq.o
 .debug_ranges  0x0000000000001268       0x50 Middlewares/ST/STM32_USB_Host_Library/Core/Src/usbh_ioreq.o
 .debug_ranges  0x00000000000012b8       0x30 Middlewares/ST/STM32_USB_Host_Library/Core/Src/usbh_pipes.o
 .debug_ranges  0x00000000000012e8       0x58 Src/main.o
 .debug_ranges  0x0000000000001340       0x58 Src/stm32f4xx_hal_msp.o
 .debug_ranges  0x0000000000001398       0x60 Src/stm32f4xx_it.o
 .debug_ranges  0x00000000000013f8       0xa0 Src/syscalls.o
 .debug_ranges  0x0000000000001498       0x18 Src/system_stm32f4xx.o
 .debug_ranges  0x00000000000014b0       0x20 Src/usb_host.o
 .debug_ranges  0x00000000000014d0       0xc8 Src/usbh_conf.o
 .debug_ranges  0x0000000000001598       0x10 Src/usbh_platform.o
 .debug_ranges  0x00000000000015a8       0x18 Src/ws2812.o
 .debug_ranges  0x00000000000015c0       0x20 startup/startup_stm32f411xe.o

.debug_macro    0x0000000000000000    0x1b272
 .debug_macro   0x0000000000000000      0x279 Drivers/STM32F4xx_HAL_Driver/Src/stm32f4xx_hal.o
 .debug_macro   0x0000000000000279      0xa60 Drivers/STM32F4xx_HAL_Driver/Src/stm32f4xx_hal.o
 .debug_macro   0x0000000000000cd9      0x19c Drivers/STM32F4xx_HAL_Driver/Src/stm32f4xx_hal.o
 .debug_macro   0x0000000000000e75       0x32 Drivers/STM32F4xx_HAL_Driver/Src/stm32f4xx_hal.o
 .debug_macro   0x0000000000000ea7       0x28 Drivers/STM32F4xx_HAL_Driver/Src/stm32f4xx_hal.o
 .debug_macro   0x0000000000000ecf       0x22 Drivers/STM32F4xx_HAL_Driver/Src/stm32f4xx_hal.o
 .debug_macro   0x0000000000000ef1       0x8e Drivers/STM32F4xx_HAL_Driver/Src/stm32f4xx_hal.o
 .debug_macro   0x0000000000000f7f       0x51 Drivers/STM32F4xx_HAL_Driver/Src/stm32f4xx_hal.o
 .debug_macro   0x0000000000000fd0       0xef Drivers/STM32F4xx_HAL_Driver/Src/stm32f4xx_hal.o
 .debug_macro   0x00000000000010bf       0x6a Drivers/STM32F4xx_HAL_Driver/Src/stm32f4xx_hal.o
 .debug_macro   0x0000000000001129      0x1df Drivers/STM32F4xx_HAL_Driver/Src/stm32f4xx_hal.o
 .debug_macro   0x0000000000001308       0x1c Drivers/STM32F4xx_HAL_Driver/Src/stm32f4xx_hal.o
 .debug_macro   0x0000000000001324       0x22 Drivers/STM32F4xx_HAL_Driver/Src/stm32f4xx_hal.o
 .debug_macro   0x0000000000001346       0xdf Drivers/STM32F4xx_HAL_Driver/Src/stm32f4xx_hal.o
 .debug_macro   0x0000000000001425     0x102d Drivers/STM32F4xx_HAL_Driver/Src/stm32f4xx_hal.o
 .debug_macro   0x0000000000002452      0x11f Drivers/STM32F4xx_HAL_Driver/Src/stm32f4xx_hal.o
 .debug_macro   0x0000000000002571     0xb93e Drivers/STM32F4xx_HAL_Driver/Src/stm32f4xx_hal.o
 .debug_macro   0x000000000000deaf       0x43 Drivers/STM32F4xx_HAL_Driver/Src/stm32f4xx_hal.o
 .debug_macro   0x000000000000def2     0x35d4 Drivers/STM32F4xx_HAL_Driver/Src/stm32f4xx_hal.o
 .debug_macro   0x00000000000114c6      0x174 Drivers/STM32F4xx_HAL_Driver/Src/stm32f4xx_hal.o
 .debug_macro   0x000000000001163a       0x4e Drivers/STM32F4xx_HAL_Driver/Src/stm32f4xx_hal.o
 .debug_macro   0x0000000000011688      0x447 Drivers/STM32F4xx_HAL_Driver/Src/stm32f4xx_hal.o
 .debug_macro   0x0000000000011acf      0x9fe Drivers/STM32F4xx_HAL_Driver/Src/stm32f4xx_hal.o
 .debug_macro   0x00000000000124cd       0xed Drivers/STM32F4xx_HAL_Driver/Src/stm32f4xx_hal.o
 .debug_macro   0x00000000000125ba      0x117 Drivers/STM32F4xx_HAL_Driver/Src/stm32f4xx_hal.o
 .debug_macro   0x00000000000126d1      0x11b Drivers/STM32F4xx_HAL_Driver/Src/stm32f4xx_hal.o
 .debug_macro   0x00000000000127ec       0x27 Drivers/STM32F4xx_HAL_Driver/Src/stm32f4xx_hal.o
 .debug_macro   0x0000000000012813      0x287 Drivers/STM32F4xx_HAL_Driver/Src/stm32f4xx_hal.o
 .debug_macro   0x0000000000012a9a       0x5f Drivers/STM32F4xx_HAL_Driver/Src/stm32f4xx_hal.o
 .debug_macro   0x0000000000012af9      0x236 Drivers/STM32F4xx_HAL_Driver/Src/stm32f4xx_hal.o
 .debug_macro   0x0000000000012d2f      0x132 Drivers/STM32F4xx_HAL_Driver/Src/stm32f4xx_hal.o
 .debug_macro   0x0000000000012e61      0x264 Drivers/STM32F4xx_HAL_Driver/Src/stm32f4xx_hal.o
 .debug_macro   0x00000000000130c5       0x2e Drivers/STM32F4xx_HAL_Driver/Src/stm32f4xx_hal.o
 .debug_macro   0x00000000000130f3      0x1ae Drivers/STM32F4xx_HAL_Driver/Src/stm32f4xx_hal.o
 .debug_macro   0x00000000000132a1       0x22 Drivers/STM32F4xx_HAL_Driver/Src/stm32f4xx_hal.o
 .debug_macro   0x00000000000132c3       0xd6 Drivers/STM32F4xx_HAL_Driver/Src/stm32f4xx_hal.o
 .debug_macro   0x0000000000013399      0x199 Drivers/STM32F4xx_HAL_Driver/Src/stm32f4xx_hal.o
 .debug_macro   0x0000000000013532       0x40 Drivers/STM32F4xx_HAL_Driver/Src/stm32f4xx_hal.o
 .debug_macro   0x0000000000013572       0x4a Drivers/STM32F4xx_HAL_Driver/Src/stm32f4xx_hal.o
 .debug_macro   0x00000000000135bc      0x11a Drivers/STM32F4xx_HAL_Driver/Src/stm32f4xx_hal.o
 .debug_macro   0x00000000000136d6       0x85 Drivers/STM32F4xx_HAL_Driver/Src/stm32f4xx_hal.o
 .debug_macro   0x000000000001375b       0x89 Drivers/STM32F4xx_HAL_Driver/Src/stm32f4xx_hal.o
 .debug_macro   0x00000000000137e4      0x225 Drivers/STM32F4xx_HAL_Driver/Src/stm32f4xx_hal.o
 .debug_macro   0x0000000000013a09      0x87d Drivers/STM32F4xx_HAL_Driver/Src/stm32f4xx_hal.o
 .debug_macro   0x0000000000014286       0x47 Drivers/STM32F4xx_HAL_Driver/Src/stm32f4xx_hal.o
 .debug_macro   0x00000000000142cd      0x225 Drivers/STM32F4xx_HAL_Driver/Src/stm32f4xx_hal.o
 .debug_macro   0x00000000000144f2       0x68 Drivers/STM32F4xx_HAL_Driver/Src/stm32f4xx_hal.o
 .debug_macro   0x000000000001455a      0x126 Drivers/STM32F4xx_HAL_Driver/Src/stm32f4xx_hal.o
 .debug_macro   0x0000000000014680      0x219 Drivers/STM32F4xx_HAL_Driver/Src/stm32f4xx_hal_cortex.o
 .debug_macro   0x0000000000014899      0x21f Drivers/STM32F4xx_HAL_Driver/Src/stm32f4xx_hal_dma.o
 .debug_macro   0x0000000000014ab8      0x24f Drivers/STM32F4xx_HAL_Driver/Src/stm32f4xx_hal_gpio.o
 .debug_macro   0x0000000000014d07      0x219 Drivers/STM32F4xx_HAL_Driver/Src/stm32f4xx_hal_hcd.o
 .debug_macro   0x0000000000014f20      0x259 Drivers/STM32F4xx_HAL_Driver/Src/stm32f4xx_hal_i2c.o
 .debug_macro   0x0000000000015179      0x21a Drivers/STM32F4xx_HAL_Driver/Src/stm32f4xx_hal_i2s.o
 .debug_macro   0x0000000000015393      0x219 Drivers/STM32F4xx_HAL_Driver/Src/stm32f4xx_hal_i2s_ex.o
 .debug_macro   0x00000000000155ac      0x23d Drivers/STM32F4xx_HAL_Driver/Src/stm32f4xx_hal_rcc.o
 .debug_macro   0x00000000000157e9      0x219 Drivers/STM32F4xx_HAL_Driver/Src/stm32f4xx_hal_rcc_ex.o
 .debug_macro   0x0000000000015a02      0x228 Drivers/STM32F4xx_HAL_Driver/Src/stm32f4xx_hal_spi.o
 .debug_macro   0x0000000000015c2a      0x21a Drivers/STM32F4xx_HAL_Driver/Src/stm32f4xx_hal_tim.o
 .debug_macro   0x0000000000015e44      0x219 Drivers/STM32F4xx_HAL_Driver/Src/stm32f4xx_hal_tim_ex.o
 .debug_macro   0x000000000001605d      0x219 Drivers/STM32F4xx_HAL_Driver/Src/stm32f4xx_ll_usb.o
 .debug_macro   0x0000000000016276      0x439 Middlewares/ST/STM32_USB_Host_Library/Class/CDC/Src/usbh_cdc.o
 .debug_macro   0x00000000000166af       0x58 Middlewares/ST/STM32_USB_Host_Library/Class/CDC/Src/usbh_cdc.o
 .debug_macro   0x0000000000016707       0x18 Middlewares/ST/STM32_USB_Host_Library/Class/CDC/Src/usbh_cdc.o
 .debug_macro   0x000000000001671f       0x94 Middlewares/ST/STM32_USB_Host_Library/Class/CDC/Src/usbh_cdc.o
 .debug_macro   0x00000000000167b3       0x35 Middlewares/ST/STM32_USB_Host_Library/Class/CDC/Src/usbh_cdc.o
 .debug_macro   0x00000000000167e8       0x34 Middlewares/ST/STM32_USB_Host_Library/Class/CDC/Src/usbh_cdc.o
 .debug_macro   0x000000000001681c       0x16 Middlewares/ST/STM32_USB_Host_Library/Class/CDC/Src/usbh_cdc.o
 .debug_macro   0x0000000000016832       0x57 Middlewares/ST/STM32_USB_Host_Library/Class/CDC/Src/usbh_cdc.o
 .debug_macro   0x0000000000016889       0x97 Middlewares/ST/STM32_USB_Host_Library/Class/CDC/Src/usbh_cdc.o
 .debug_macro   0x0000000000016920      0x330 Middlewares/ST/STM32_USB_Host_Library/Class/CDC/Src/usbh_cdc.o
 .debug_macro   0x0000000000016c50       0xfd Middlewares/ST/STM32_USB_Host_Library/Class/CDC/Src/usbh_cdc.o
 .debug_macro   0x0000000000016d4d       0x10 Middlewares/ST/STM32_USB_Host_Library/Class/CDC/Src/usbh_cdc.o
 .debug_macro   0x0000000000016d5d       0x58 Middlewares/ST/STM32_USB_Host_Library/Class/CDC/Src/usbh_cdc.o
 .debug_macro   0x0000000000016db5       0x1f Middlewares/ST/STM32_USB_Host_Library/Class/CDC/Src/usbh_cdc.o
 .debug_macro   0x0000000000016dd4       0x43 Middlewares/ST/STM32_USB_Host_Library/Class/CDC/Src/usbh_cdc.o
 .debug_macro   0x0000000000016e17       0x20 Middlewares/ST/STM32_USB_Host_Library/Class/CDC/Src/usbh_cdc.o
 .debug_macro   0x0000000000016e37      0x18e Middlewares/ST/STM32_USB_Host_Library/Class/CDC/Src/usbh_cdc.o
 .debug_macro   0x0000000000016fc5       0x10 Middlewares/ST/STM32_USB_Host_Library/Class/CDC/Src/usbh_cdc.o
 .debug_macro   0x0000000000016fd5       0x1c Middlewares/ST/STM32_USB_Host_Library/Class/CDC/Src/usbh_cdc.o
 .debug_macro   0x0000000000016ff1       0x52 Middlewares/ST/STM32_USB_Host_Library/Class/CDC/Src/usbh_cdc.o
 .debug_macro   0x0000000000017043       0x40 Middlewares/ST/STM32_USB_Host_Library/Class/CDC/Src/usbh_cdc.o
 .debug_macro   0x0000000000017083       0x10 Middlewares/ST/STM32_USB_Host_Library/Class/CDC/Src/usbh_cdc.o
 .debug_macro   0x0000000000017093       0x40 Middlewares/ST/STM32_USB_Host_Library/Class/CDC/Src/usbh_cdc.o
 .debug_macro   0x00000000000170d3       0xd7 Middlewares/ST/STM32_USB_Host_Library/Class/CDC/Src/usbh_cdc.o
 .debug_macro   0x00000000000171aa       0x1c Middlewares/ST/STM32_USB_Host_Library/Class/CDC/Src/usbh_cdc.o
 .debug_macro   0x00000000000171c6       0x3d Middlewares/ST/STM32_USB_Host_Library/Class/CDC/Src/usbh_cdc.o
 .debug_macro   0x0000000000017203       0x16 Middlewares/ST/STM32_USB_Host_Library/Class/CDC/Src/usbh_cdc.o
 .debug_macro   0x0000000000017219      0x16f Middlewares/ST/STM32_USB_Host_Library/Class/CDC/Src/usbh_cdc.o
 .debug_macro   0x0000000000017388       0x16 Middlewares/ST/STM32_USB_Host_Library/Class/CDC/Src/usbh_cdc.o
 .debug_macro   0x000000000001739e       0x35 Middlewares/ST/STM32_USB_Host_Library/Class/CDC/Src/usbh_cdc.o
 .debug_macro   0x00000000000173d3       0x16 Middlewares/ST/STM32_USB_Host_Library/Class/CDC/Src/usbh_cdc.o
 .debug_macro   0x00000000000173e9       0x29 Middlewares/ST/STM32_USB_Host_Library/Class/CDC/Src/usbh_cdc.o
 .debug_macro   0x0000000000017412       0x16 Middlewares/ST/STM32_USB_Host_Library/Class/CDC/Src/usbh_cdc.o
 .debug_macro   0x0000000000017428       0xd9 Middlewares/ST/STM32_USB_Host_Library/Class/CDC/Src/usbh_cdc.o
 .debug_macro   0x0000000000017501      0x19f Middlewares/ST/STM32_USB_Host_Library/Class/CDC/Src/usbh_cdc.o
 .debug_macro   0x00000000000176a0       0x73 Middlewares/ST/STM32_USB_Host_Library/Class/CDC/Src/usbh_cdc.o
 .debug_macro   0x0000000000017713      0x210 Middlewares/ST/STM32_USB_Host_Library/Class/CDC/Src/usbh_cdc.o
 .debug_macro   0x0000000000017923       0x2e Middlewares/ST/STM32_USB_Host_Library/Class/CDC/Src/usbh_cdc.o
 .debug_macro   0x0000000000017951       0x2e Middlewares/ST/STM32_USB_Host_Library/Class/CDC/Src/usbh_cdc.o
 .debug_macro   0x000000000001797f       0x28 Middlewares/ST/STM32_USB_Host_Library/Class/CDC/Src/usbh_cdc.o
 .debug_macro   0x00000000000179a7      0x15c Middlewares/ST/STM32_USB_Host_Library/Class/CDC/Src/usbh_cdc.o
 .debug_macro   0x0000000000017b03      0x436 Middlewares/ST/STM32_USB_Host_Library/Core/Src/usbh_core.o
 .debug_macro   0x0000000000017f39      0x42e Middlewares/ST/STM32_USB_Host_Library/Core/Src/usbh_ctlreq.o
 .debug_macro   0x0000000000018367       0x28 Middlewares/ST/STM32_USB_Host_Library/Core/Src/usbh_ctlreq.o
 .debug_macro   0x000000000001838f      0x428 Middlewares/ST/STM32_USB_Host_Library/Core/Src/usbh_ioreq.o
 .debug_macro   0x00000000000187b7      0x428 Middlewares/ST/STM32_USB_Host_Library/Core/Src/usbh_pipes.o
 .debug_macro   0x0000000000018bdf      0x331 Src/main.o
 .debug_macro   0x0000000000018f10       0x5e Src/main.o
 .debug_macro   0x0000000000018f6e      0x32a Src/main.o
 .debug_macro   0x0000000000019298       0x10 Src/main.o
 .debug_macro   0x00000000000192a8       0x28 Src/main.o